<html>
<body>
<pre>
<h1>礦ision Build Log</h1>
<h2>Project:</h2>
E:\ESP8266开发板例程\温度显示 - 中断\PROJ\mdk4\STM32-DEMO.uvproj
Project File Date:  07/01/2020

<h2>Output:</h2>
Build target '百施通'
compiling am2320.c...
compiling am2320_bsp.c...
linking...
Program Size: Code=22800 RO-data=480 RW-data=184 ZI-data=12216  
FromELF: creating hex file...
After Build - User command #1: fromelf --bin ..\..\PROJ\Output\STM32-DEMO.axf --output ..\..\PROJ\OutputBin\STM32-DEMO.bin
"..\Output\STM32-DEMO.axf" - 0 Errors, 0 Warning(s).
compiling am2320.c...
..\..\APPLICATION\am2320\src\am2320.c(9): error:  #67: expected a "}"
..\..\APPLICATION\am2320\src\am2320.c(9): warning:  #375-D: declaration requires a typedef name
..\..\APPLICATION\am2320\src\am2320.c(10): error:  #77-D: this declaration has no storage class or type specifier
..\..\APPLICATION\am2320\src\am2320.c(11): error:  #77-D: this declaration has no storage class or type specifier
..\..\APPLICATION\am2320\src\am2320.c(12): error:  #77-D: this declaration has no storage class or type specifier
..\..\APPLICATION\am2320\src\am2320.c(13): error:  #77-D: this declaration has no storage class or type specifier
..\..\APPLICATION\am2320\src\am2320.c(14): error:  #77-D: this declaration has no storage class or type specifier
..\..\APPLICATION\am2320\src\am2320.c(15): error:  #40: expected an identifier
..\..\APPLICATION\am2320\src\am2320.c(28): error:  #20: identifier "AM2320_READ_STEP" is undefined
..\..\APPLICATION\am2320\src\am2320.c(80): error:  #136: struct "<unnamed>" has no field "gpiox"
..\..\APPLICATION\am2320\src\am2320.c(81): error:  #136: struct "<unnamed>" has no field "pin"
..\..\APPLICATION\am2320\src\am2320.c(114): error:  #136: struct "<unnamed>" has no field "humi_int"
..\..\APPLICATION\am2320\src\am2320.c(114): error:  #136: struct "<unnamed>" has no field "humi_deci"
..\..\APPLICATION\am2320\src\am2320.c(125): error:  #136: struct "<unnamed>" has no field "temp_int"
..\..\APPLICATION\am2320\src\am2320.c(125): error:  #136: struct "<unnamed>" has no field "temp_deci"
..\..\APPLICATION\am2320\src\am2320.c(172): error:  #65: expected a ";"
..\..\APPLICATION\am2320\src\am2320.c(174): error:  #65: expected a ";"
..\..\APPLICATION\am2320\src\am2320.c(188): error:  #136: struct "<unnamed>" has no field "read_sterp"
..\..\APPLICATION\am2320\src\am2320.c(202): error:  #136: struct "<unnamed>" has no field "read_sterp"
..\..\APPLICATION\am2320\src\am2320.c(228): error:  #136: struct "<unnamed>" has no field "read_sterp"
..\..\APPLICATION\am2320\src\am2320.c(233): error:  #136: struct "<unnamed>" has no field "read_sterp"
..\..\APPLICATION\am2320\src\am2320.c(235): error:  #28: expression must have a constant value
..\..\APPLICATION\am2320\src\am2320.c(237): error:  #167: argument of type "uint8_t (*)(GPIO_TypeDef *, uint16_t)" is incompatible with parameter of type "GPIO_TypeDef *"
..\..\APPLICATION\am2320\src\am2320.c(239): error:  #136: struct "<unnamed>" has no field "read_sterp"
..\..\APPLICATION\am2320\src\am2320.c(249): error:  #28: expression must have a constant value
..\..\APPLICATION\am2320\src\am2320.c(251): error:  #167: argument of type "uint8_t (*)(GPIO_TypeDef *, uint16_t)" is incompatible with parameter of type "GPIO_TypeDef *"
..\..\APPLICATION\am2320\src\am2320.c(253): error:  #136: struct "<unnamed>" has no field "read_sterp"
..\..\APPLICATION\am2320\src\am2320.c(49): warning:  #177-D: function "Am2320_ReadByte" was declared but never referenced
..\..\APPLICATION\am2320\src\am2320.c(51): error:  #114: function "Am2320_ReadTempHumidity" was referenced but not defined
..\..\APPLICATION\am2320\src\am2320.c(185): warning:  #177-D: function "Am2320_ReadStart" was declared but never referenced
"..\..\APPLICATION\am2320\src\am2320.c" - 27 Errors, 3 Warning(s).
compiling am2320.c...
..\..\APPLICATION\am2320\src\am2320.c(80): error:  #136: struct "<unnamed>" has no field "gpiox"
..\..\APPLICATION\am2320\src\am2320.c(81): error:  #136: struct "<unnamed>" has no field "pin"
..\..\APPLICATION\am2320\src\am2320.c(114): error:  #136: struct "<unnamed>" has no field "humi_int"
..\..\APPLICATION\am2320\src\am2320.c(114): error:  #136: struct "<unnamed>" has no field "humi_deci"
..\..\APPLICATION\am2320\src\am2320.c(125): error:  #136: struct "<unnamed>" has no field "temp_int"
..\..\APPLICATION\am2320\src\am2320.c(125): error:  #136: struct "<unnamed>" has no field "temp_deci"
..\..\APPLICATION\am2320\src\am2320.c(172): error:  #65: expected a ";"
..\..\APPLICATION\am2320\src\am2320.c(174): error:  #65: expected a ";"
..\..\APPLICATION\am2320\src\am2320.c(188): error:  #136: struct "<unnamed>" has no field "read_sterp"
..\..\APPLICATION\am2320\src\am2320.c(202): error:  #136: struct "<unnamed>" has no field "read_sterp"
..\..\APPLICATION\am2320\src\am2320.c(228): error:  #136: struct "<unnamed>" has no field "read_sterp"
..\..\APPLICATION\am2320\src\am2320.c(233): error:  #136: struct "<unnamed>" has no field "read_sterp"
..\..\APPLICATION\am2320\src\am2320.c(237): error:  #167: argument of type "uint8_t (*)(GPIO_TypeDef *, uint16_t)" is incompatible with parameter of type "GPIO_TypeDef *"
..\..\APPLICATION\am2320\src\am2320.c(239): error:  #136: struct "<unnamed>" has no field "read_sterp"
..\..\APPLICATION\am2320\src\am2320.c(251): error:  #167: argument of type "uint8_t (*)(GPIO_TypeDef *, uint16_t)" is incompatible with parameter of type "GPIO_TypeDef *"
..\..\APPLICATION\am2320\src\am2320.c(253): error:  #136: struct "<unnamed>" has no field "read_sterp"
..\..\APPLICATION\am2320\src\am2320.c(49): warning:  #177-D: function "Am2320_ReadByte" was declared but never referenced
..\..\APPLICATION\am2320\src\am2320.c(51): error:  #114: function "Am2320_ReadTempHumidity" was referenced but not defined
..\..\APPLICATION\am2320\src\am2320.c(185): warning:  #177-D: function "Am2320_ReadStart" was declared but never referenced
"..\..\APPLICATION\am2320\src\am2320.c" - 17 Errors, 2 Warning(s).
compiling am2320.c...
..\..\APPLICATION\am2320\src\am2320.c(74): warning:  #177-D: variable "p_am2320" was declared but never referenced
..\..\APPLICATION\am2320\src\am2320.c(109): error:  #136: struct "<unnamed>" has no field "humi_int"
..\..\APPLICATION\am2320\src\am2320.c(109): error:  #136: struct "<unnamed>" has no field "humi_deci"
..\..\APPLICATION\am2320\src\am2320.c(120): error:  #136: struct "<unnamed>" has no field "temp_int"
..\..\APPLICATION\am2320\src\am2320.c(120): error:  #136: struct "<unnamed>" has no field "temp_deci"
..\..\APPLICATION\am2320\src\am2320.c(167): error:  #65: expected a ";"
..\..\APPLICATION\am2320\src\am2320.c(169): error:  #65: expected a ";"
..\..\APPLICATION\am2320\src\am2320.c(183): error:  #136: struct "<unnamed>" has no field "read_sterp"
..\..\APPLICATION\am2320\src\am2320.c(197): error:  #136: struct "<unnamed>" has no field "read_sterp"
..\..\APPLICATION\am2320\src\am2320.c(223): error:  #136: struct "<unnamed>" has no field "read_sterp"
..\..\APPLICATION\am2320\src\am2320.c(228): error:  #136: struct "<unnamed>" has no field "read_sterp"
..\..\APPLICATION\am2320\src\am2320.c(232): error:  #167: argument of type "uint8_t (*)(GPIO_TypeDef *, uint16_t)" is incompatible with parameter of type "GPIO_TypeDef *"
..\..\APPLICATION\am2320\src\am2320.c(234): error:  #136: struct "<unnamed>" has no field "read_sterp"
..\..\APPLICATION\am2320\src\am2320.c(246): error:  #167: argument of type "uint8_t (*)(GPIO_TypeDef *, uint16_t)" is incompatible with parameter of type "GPIO_TypeDef *"
..\..\APPLICATION\am2320\src\am2320.c(248): error:  #136: struct "<unnamed>" has no field "read_sterp"
..\..\APPLICATION\am2320\src\am2320.c(49): warning:  #177-D: function "Am2320_ReadByte" was declared but never referenced
..\..\APPLICATION\am2320\src\am2320.c(51): error:  #114: function "Am2320_ReadTempHumidity" was referenced but not defined
..\..\APPLICATION\am2320\src\am2320.c(180): warning:  #177-D: function "Am2320_ReadStart" was declared but never referenced
"..\..\APPLICATION\am2320\src\am2320.c" - 15 Errors, 3 Warning(s).
compiling am2320.c...
..\..\APPLICATION\am2320\src\am2320.c(107): error:  #136: struct "<unnamed>" has no field "humi_int"
..\..\APPLICATION\am2320\src\am2320.c(107): error:  #136: struct "<unnamed>" has no field "humi_deci"
..\..\APPLICATION\am2320\src\am2320.c(118): error:  #136: struct "<unnamed>" has no field "temp_int"
..\..\APPLICATION\am2320\src\am2320.c(118): error:  #136: struct "<unnamed>" has no field "temp_deci"
..\..\APPLICATION\am2320\src\am2320.c(165): error:  #65: expected a ";"
..\..\APPLICATION\am2320\src\am2320.c(167): error:  #65: expected a ";"
..\..\APPLICATION\am2320\src\am2320.c(181): error:  #136: struct "<unnamed>" has no field "read_sterp"
..\..\APPLICATION\am2320\src\am2320.c(195): error:  #136: struct "<unnamed>" has no field "read_sterp"
..\..\APPLICATION\am2320\src\am2320.c(221): error:  #136: struct "<unnamed>" has no field "read_sterp"
..\..\APPLICATION\am2320\src\am2320.c(226): error:  #136: struct "<unnamed>" has no field "read_sterp"
..\..\APPLICATION\am2320\src\am2320.c(230): error:  #167: argument of type "uint8_t (*)(GPIO_TypeDef *, uint16_t)" is incompatible with parameter of type "GPIO_TypeDef *"
..\..\APPLICATION\am2320\src\am2320.c(232): error:  #136: struct "<unnamed>" has no field "read_sterp"
..\..\APPLICATION\am2320\src\am2320.c(244): error:  #167: argument of type "uint8_t (*)(GPIO_TypeDef *, uint16_t)" is incompatible with parameter of type "GPIO_TypeDef *"
..\..\APPLICATION\am2320\src\am2320.c(246): error:  #136: struct "<unnamed>" has no field "read_sterp"
..\..\APPLICATION\am2320\src\am2320.c(49): warning:  #177-D: function "Am2320_ReadByte" was declared but never referenced
..\..\APPLICATION\am2320\src\am2320.c(51): error:  #114: function "Am2320_ReadTempHumidity" was referenced but not defined
..\..\APPLICATION\am2320\src\am2320.c(178): warning:  #177-D: function "Am2320_ReadStart" was declared but never referenced
"..\..\APPLICATION\am2320\src\am2320.c" - 15 Errors, 2 Warning(s).
compiling am2320.c...
..\..\APPLICATION\am2320\src\am2320.c(98): warning:  #177-D: variable "temp_now" was declared but never referenced
..\..\APPLICATION\am2320\src\am2320.c(98): warning:  #177-D: variable "temp_last" was declared but never referenced
..\..\APPLICATION\am2320\src\am2320.c(99): warning:  #177-D: variable "humidity_now" was declared but never referenced
..\..\APPLICATION\am2320\src\am2320.c(99): warning:  #177-D: variable "humidity_last" was declared but never referenced
..\..\APPLICATION\am2320\src\am2320.c(165): error:  #65: expected a ";"
..\..\APPLICATION\am2320\src\am2320.c(167): error:  #65: expected a ";"
..\..\APPLICATION\am2320\src\am2320.c(181): error:  #136: struct "<unnamed>" has no field "read_sterp"
..\..\APPLICATION\am2320\src\am2320.c(195): error:  #136: struct "<unnamed>" has no field "read_sterp"
..\..\APPLICATION\am2320\src\am2320.c(221): error:  #136: struct "<unnamed>" has no field "read_sterp"
..\..\APPLICATION\am2320\src\am2320.c(226): error:  #136: struct "<unnamed>" has no field "read_sterp"
..\..\APPLICATION\am2320\src\am2320.c(230): error:  #167: argument of type "uint8_t (*)(GPIO_TypeDef *, uint16_t)" is incompatible with parameter of type "GPIO_TypeDef *"
..\..\APPLICATION\am2320\src\am2320.c(232): error:  #136: struct "<unnamed>" has no field "read_sterp"
..\..\APPLICATION\am2320\src\am2320.c(244): error:  #167: argument of type "uint8_t (*)(GPIO_TypeDef *, uint16_t)" is incompatible with parameter of type "GPIO_TypeDef *"
..\..\APPLICATION\am2320\src\am2320.c(246): error:  #136: struct "<unnamed>" has no field "read_sterp"
..\..\APPLICATION\am2320\src\am2320.c(49): warning:  #177-D: function "Am2320_ReadByte" was declared but never referenced
..\..\APPLICATION\am2320\src\am2320.c(51): warning:  #177-D: function "Am2320_ReadTempHumidity" was declared but never referenced
..\..\APPLICATION\am2320\src\am2320.c(178): warning:  #177-D: function "Am2320_ReadStart" was declared but never referenced
"..\..\APPLICATION\am2320\src\am2320.c" - 10 Errors, 7 Warning(s).
compiling am2320.c...
..\..\APPLICATION\am2320\src\am2320.c(98): warning:  #177-D: variable "temp_now" was declared but never referenced
..\..\APPLICATION\am2320\src\am2320.c(98): warning:  #177-D: variable "temp_last" was declared but never referenced
..\..\APPLICATION\am2320\src\am2320.c(99): warning:  #177-D: variable "humidity_now" was declared but never referenced
..\..\APPLICATION\am2320\src\am2320.c(99): warning:  #177-D: variable "humidity_last" was declared but never referenced
..\..\APPLICATION\am2320\src\am2320.c(181): error:  #136: struct "<unnamed>" has no field "read_sterp"
..\..\APPLICATION\am2320\src\am2320.c(195): error:  #136: struct "<unnamed>" has no field "read_sterp"
..\..\APPLICATION\am2320\src\am2320.c(221): error:  #136: struct "<unnamed>" has no field "read_sterp"
..\..\APPLICATION\am2320\src\am2320.c(226): error:  #136: struct "<unnamed>" has no field "read_sterp"
..\..\APPLICATION\am2320\src\am2320.c(230): error:  #167: argument of type "uint8_t (*)(GPIO_TypeDef *, uint16_t)" is incompatible with parameter of type "GPIO_TypeDef *"
..\..\APPLICATION\am2320\src\am2320.c(232): error:  #136: struct "<unnamed>" has no field "read_sterp"
..\..\APPLICATION\am2320\src\am2320.c(244): error:  #167: argument of type "uint8_t (*)(GPIO_TypeDef *, uint16_t)" is incompatible with parameter of type "GPIO_TypeDef *"
..\..\APPLICATION\am2320\src\am2320.c(246): error:  #136: struct "<unnamed>" has no field "read_sterp"
..\..\APPLICATION\am2320\src\am2320.c(49): warning:  #177-D: function "Am2320_ReadByte" was declared but never referenced
..\..\APPLICATION\am2320\src\am2320.c(51): warning:  #177-D: function "Am2320_ReadTempHumidity" was declared but never referenced
..\..\APPLICATION\am2320\src\am2320.c(178): warning:  #177-D: function "Am2320_ReadStart" was declared but never referenced
"..\..\APPLICATION\am2320\src\am2320.c" - 8 Errors, 7 Warning(s).
compiling am2320.c...
..\..\APPLICATION\am2320\src\am2320.c(98): warning:  #177-D: variable "temp_now" was declared but never referenced
..\..\APPLICATION\am2320\src\am2320.c(98): warning:  #177-D: variable "temp_last" was declared but never referenced
..\..\APPLICATION\am2320\src\am2320.c(99): warning:  #177-D: variable "humidity_now" was declared but never referenced
..\..\APPLICATION\am2320\src\am2320.c(99): warning:  #177-D: variable "humidity_last" was declared but never referenced
..\..\APPLICATION\am2320\src\am2320.c(195): error:  #136: struct "<unnamed>" has no field "read_sterp"
..\..\APPLICATION\am2320\src\am2320.c(226): error:  #136: struct "<unnamed>" has no field "read_sterp"
..\..\APPLICATION\am2320\src\am2320.c(230): error:  #167: argument of type "uint8_t (*)(GPIO_TypeDef *, uint16_t)" is incompatible with parameter of type "GPIO_TypeDef *"
..\..\APPLICATION\am2320\src\am2320.c(244): error:  #167: argument of type "uint8_t (*)(GPIO_TypeDef *, uint16_t)" is incompatible with parameter of type "GPIO_TypeDef *"
..\..\APPLICATION\am2320\src\am2320.c(49): warning:  #177-D: function "Am2320_ReadByte" was declared but never referenced
..\..\APPLICATION\am2320\src\am2320.c(51): warning:  #177-D: function "Am2320_ReadTempHumidity" was declared but never referenced
..\..\APPLICATION\am2320\src\am2320.c(178): warning:  #177-D: function "Am2320_ReadStart" was declared but never referenced
"..\..\APPLICATION\am2320\src\am2320.c" - 4 Errors, 7 Warning(s).
compiling am2320.c...
..\..\APPLICATION\am2320\src\am2320.c(49): warning:  #177-D: function "Am2320_ReadByte" was declared but never referenced
..\..\APPLICATION\am2320\src\am2320.c(51): warning:  #177-D: function "Am2320_ReadTempHumidity" was declared but never referenced
..\..\APPLICATION\am2320\src\am2320.c(175): warning:  #177-D: function "Am2320_ReadStart" was declared but never referenced
"..\..\APPLICATION\am2320\src\am2320.c" - 0 Errors, 3 Warning(s).
compiling am2320.c...
..\..\APPLICATION\am2320\src\am2320.c(170): warning:  #177-D: function "Am2320_ReadStart" was declared but never referenced
"..\..\APPLICATION\am2320\src\am2320.c" - 0 Errors, 1 Warning(s).
Build target '百施通'
compiling am2320_bsp.c...
linking...
Program Size: Code=22024 RO-data=480 RW-data=184 ZI-data=12208  
FromELF: creating hex file...
After Build - User command #1: fromelf --bin ..\..\PROJ\Output\STM32-DEMO.axf --output ..\..\PROJ\OutputBin\STM32-DEMO.bin
"..\Output\STM32-DEMO.axf" - 0 Errors, 0 Warning(s).
Build target '百施通'
compiling am2320.c...
..\..\APPLICATION\am2320\src\am2320.c(314): error:  #20: identifier "data_index" is undefined
..\..\APPLICATION\am2320\src\am2320.c(315): error:  #165: too few arguments in function call
..\..\APPLICATION\am2320\src\am2320.c(171): warning:  #177-D: function "Am2320_ReadStart" was declared but never referenced
"..\Output\STM32-DEMO.axf" - 2 Errors, 1 Warning(s).
Target not created
Build target '百施通'
compiling am2320.c...
..\..\APPLICATION\am2320\src\am2320.c(315): error:  #165: too few arguments in function call
..\..\APPLICATION\am2320\src\am2320.c(171): warning:  #177-D: function "Am2320_ReadStart" was declared but never referenced
"..\Output\STM32-DEMO.axf" - 1 Errors, 1 Warning(s).
Target not created
Build target '百施通'
compiling am2320.c...
..\..\APPLICATION\am2320\src\am2320.c(171): warning:  #177-D: function "Am2320_ReadStart" was declared but never referenced
linking...
Program Size: Code=22304 RO-data=480 RW-data=184 ZI-data=12208  
FromELF: creating hex file...
After Build - User command #1: fromelf --bin ..\..\PROJ\Output\STM32-DEMO.axf --output ..\..\PROJ\OutputBin\STM32-DEMO.bin
"..\Output\STM32-DEMO.axf" - 0 Errors, 1 Warning(s).
Build target '百施通'
linking...
Program Size: Code=22304 RO-data=480 RW-data=184 ZI-data=12208  
FromELF: creating hex file...
After Build - User command #1: fromelf --bin ..\..\PROJ\Output\STM32-DEMO.axf --output ..\..\PROJ\OutputBin\STM32-DEMO.bin
"..\Output\STM32-DEMO.axf" - 0 Errors, 0 Warning(s).
Load "..\\Output\\STM32-DEMO.axf" 
Set JLink Project File to "E:\ESP8266开发板例程\温度显示 - 中断\PROJ\mdk4\JLinkSettings.ini"
* JLink Info: Device "STM32F103RC" selected (256 KB flash, 48 KB RAM).
 
JLink info:
------------
DLL: V4.68a, compiled Apr 12 2013 13:26:50
Firmware: J-Link ARM V8 compiled Jan 31 2018 18:34:52
Hardware: V8.00
S/N : 20080643 
Feature(s) : RDI,FlashDL,FlashBP,JFlash,GDBFull 
 
* JLink Info: Found SWD-DP with ID 0x1BA01477
* JLink Info: Found SWD-DP with ID 0x1BA01477
* JLink Info: TPIU fitted.
* JLink Info: ETM fitted.
* JLink Info: FPUnit: 6 code (BP) slots and 2 literal slots
* JLink Info: Found Cortex-M3 r1p1, Little endian.
ROMTableAddr = 0xE00FF003
 
Target info:
------------
Device: STM32F103RC
VTarget = 3.274V
State of Pins: 
TCK: 0, TDI: 1, TDO: 1, TMS: 0, TRES: 1, TRST: 1
Hardware-Breakpoints: 6
Software-Breakpoints: 8192
Watchpoints:          4
JTAG speed: 2000 kHz
 
Erase Done.
Programming Done.
Verify OK.
Application running ...
Build target '百施通'
compiling am2320.c...
..\..\APPLICATION\am2320\src\am2320.c(101): error:  #20: identifier "am2330" is undefined
"..\Output\STM32-DEMO.axf" - 1 Errors, 0 Warning(s).
Target not created
Build target '百施通'
compiling am2320.c...
linking...
Program Size: Code=22320 RO-data=480 RW-data=184 ZI-data=12208  
FromELF: creating hex file...
After Build - User command #1: fromelf --bin ..\..\PROJ\Output\STM32-DEMO.axf --output ..\..\PROJ\OutputBin\STM32-DEMO.bin
"..\Output\STM32-DEMO.axf" - 0 Errors, 0 Warning(s).
Load "..\\Output\\STM32-DEMO.axf" 
Set JLink Project File to "E:\ESP8266开发板例程\温度显示 - 中断\PROJ\mdk4\JLinkSettings.ini"
* JLink Info: Device "STM32F103RC" selected (256 KB flash, 48 KB RAM).
 
JLink info:
------------
DLL: V4.68a, compiled Apr 12 2013 13:26:50
Firmware: J-Link ARM V8 compiled Jan 31 2018 18:34:52
Hardware: V8.00
S/N : 20080643 
Feature(s) : RDI,FlashDL,FlashBP,JFlash,GDBFull 
 
* JLink Info: Found SWD-DP with ID 0x1BA01477
* JLink Info: Found SWD-DP with ID 0x1BA01477
* JLink Info: TPIU fitted.
* JLink Info: ETM fitted.
* JLink Info: FPUnit: 6 code (BP) slots and 2 literal slots
* JLink Info: Found Cortex-M3 r1p1, Little endian.
ROMTableAddr = 0xE00FF003
 
Target info:
------------
Device: STM32F103RC
VTarget = 3.274V
State of Pins: 
TCK: 0, TDI: 1, TDO: 1, TMS: 0, TRES: 1, TRST: 1
Hardware-Breakpoints: 6
Software-Breakpoints: 8192
Watchpoints:          4
JTAG speed: 2000 kHz
 
Erase Done.
Programming Done.
Verify OK.
Application running ...
Build target '百施通'
compiling am2320.c...
compiling am2320_bsp.c...
linking...
Program Size: Code=22320 RO-data=480 RW-data=184 ZI-data=12208  
FromELF: creating hex file...
After Build - User command #1: fromelf --bin ..\..\PROJ\Output\STM32-DEMO.axf --output ..\..\PROJ\OutputBin\STM32-DEMO.bin
"..\Output\STM32-DEMO.axf" - 0 Errors, 0 Warning(s).
Load "..\\Output\\STM32-DEMO.axf" 
Set JLink Project File to "E:\ESP8266开发板例程\温度显示 - 中断\PROJ\mdk4\JLinkSettings.ini"
* JLink Info: Device "STM32F103RC" selected (256 KB flash, 48 KB RAM).
 
JLink info:
------------
DLL: V4.68a, compiled Apr 12 2013 13:26:50
Firmware: J-Link ARM V8 compiled Jan 31 2018 18:34:52
Hardware: V8.00
S/N : 20080643 
Feature(s) : RDI,FlashDL,FlashBP,JFlash,GDBFull 
 
* JLink Info: Found SWD-DP with ID 0x1BA01477
* JLink Info: Found SWD-DP with ID 0x1BA01477
* JLink Info: TPIU fitted.
* JLink Info: ETM fitted.
* JLink Info: FPUnit: 6 code (BP) slots and 2 literal slots
* JLink Info: Found Cortex-M3 r1p1, Little endian.
ROMTableAddr = 0xE00FF003
 
Target info:
------------
Device: STM32F103RC
VTarget = 3.280V
State of Pins: 
TCK: 0, TDI: 1, TDO: 1, TMS: 0, TRES: 1, TRST: 1
Hardware-Breakpoints: 6
Software-Breakpoints: 8192
Watchpoints:          4
JTAG speed: 2000 kHz
 
Erase Done.
Programming Done.
Verify OK.
Application running ...
Build target '百施通'
compiling am2320.c...
compiling am2320_bsp.c...
linking...
Program Size: Code=22328 RO-data=480 RW-data=184 ZI-data=12208  
FromELF: creating hex file...
After Build - User command #1: fromelf --bin ..\..\PROJ\Output\STM32-DEMO.axf --output ..\..\PROJ\OutputBin\STM32-DEMO.bin
"..\Output\STM32-DEMO.axf" - 0 Errors, 0 Warning(s).
Load "..\\Output\\STM32-DEMO.axf" 
Set JLink Project File to "E:\ESP8266开发板例程\温度显示 - 中断\PROJ\mdk4\JLinkSettings.ini"
* JLink Info: Device "STM32F103RC" selected (256 KB flash, 48 KB RAM).
 
JLink info:
------------
DLL: V4.68a, compiled Apr 12 2013 13:26:50
Firmware: J-Link ARM V8 compiled Jan 31 2018 18:34:52
Hardware: V8.00
S/N : 20080643 
Feature(s) : RDI,FlashDL,FlashBP,JFlash,GDBFull 
 
* JLink Info: Found SWD-DP with ID 0x1BA01477
* JLink Info: Found SWD-DP with ID 0x1BA01477
* JLink Info: TPIU fitted.
* JLink Info: ETM fitted.
* JLink Info: FPUnit: 6 code (BP) slots and 2 literal slots
* JLink Info: Found Cortex-M3 r1p1, Little endian.
ROMTableAddr = 0xE00FF003
 
Target info:
------------
Device: STM32F103RC
VTarget = 3.280V
State of Pins: 
TCK: 0, TDI: 1, TDO: 1, TMS: 0, TRES: 1, TRST: 1
Hardware-Breakpoints: 6
Software-Breakpoints: 8192
Watchpoints:          4
JTAG speed: 2000 kHz
 
Erase Done.
Programming Done.
Verify OK.
Application running ...
Build target '百施通'
compiling am2320.c...
compiling am2320_bsp.c...
linking...
Program Size: Code=22328 RO-data=480 RW-data=184 ZI-data=12208  
FromELF: creating hex file...
After Build - User command #1: fromelf --bin ..\..\PROJ\Output\STM32-DEMO.axf --output ..\..\PROJ\OutputBin\STM32-DEMO.bin
"..\Output\STM32-DEMO.axf" - 0 Errors, 0 Warning(s).
Build target '百施通'
compiling am2320_bsp.c...
linking...
Program Size: Code=22328 RO-data=480 RW-data=184 ZI-data=12208  
FromELF: creating hex file...
After Build - User command #1: fromelf --bin ..\..\PROJ\Output\STM32-DEMO.axf --output ..\..\PROJ\OutputBin\STM32-DEMO.bin
"..\Output\STM32-DEMO.axf" - 0 Errors, 0 Warning(s).
Load "..\\Output\\STM32-DEMO.axf" 
Set JLink Project File to "E:\ESP8266开发板例程\温度显示 - 中断\PROJ\mdk4\JLinkSettings.ini"
* JLink Info: Device "STM32F103RC" selected (256 KB flash, 48 KB RAM).
 
JLink info:
------------
DLL: V4.68a, compiled Apr 12 2013 13:26:50
Firmware: J-Link ARM V8 compiled Jan 31 2018 18:34:52
Hardware: V8.00
S/N : 20080643 
Feature(s) : RDI,FlashDL,FlashBP,JFlash,GDBFull 
 
* JLink Info: Found SWD-DP with ID 0x1BA01477
* JLink Info: Found SWD-DP with ID 0x1BA01477
* JLink Info: TPIU fitted.
* JLink Info: ETM fitted.
* JLink Info: FPUnit: 6 code (BP) slots and 2 literal slots
* JLink Info: Found Cortex-M3 r1p1, Little endian.
ROMTableAddr = 0xE00FF003
 
Target info:
------------
Device: STM32F103RC
VTarget = 3.280V
State of Pins: 
TCK: 0, TDI: 1, TDO: 1, TMS: 0, TRES: 1, TRST: 1
Hardware-Breakpoints: 6
Software-Breakpoints: 8192
Watchpoints:          4
JTAG speed: 2000 kHz
 
Erase Done.
Programming Done.
Verify OK.
Application running ...
Build target '百施通'
compiling am2320.c...
linking...
Program Size: Code=22320 RO-data=480 RW-data=184 ZI-data=12208  
FromELF: creating hex file...
After Build - User command #1: fromelf --bin ..\..\PROJ\Output\STM32-DEMO.axf --output ..\..\PROJ\OutputBin\STM32-DEMO.bin
"..\Output\STM32-DEMO.axf" - 0 Errors, 0 Warning(s).
Build target '百施通'
compiling am2320_bsp.c...
linking...
Program Size: Code=22312 RO-data=480 RW-data=184 ZI-data=12208  
FromELF: creating hex file...
After Build - User command #1: fromelf --bin ..\..\PROJ\Output\STM32-DEMO.axf --output ..\..\PROJ\OutputBin\STM32-DEMO.bin
"..\Output\STM32-DEMO.axf" - 0 Errors, 0 Warning(s).
Load "..\\Output\\STM32-DEMO.axf" 
Set JLink Project File to "E:\ESP8266开发板例程\温度显示 - 中断\PROJ\mdk4\JLinkSettings.ini"
* JLink Info: Device "STM32F103RC" selected (256 KB flash, 48 KB RAM).
 
JLink info:
------------
DLL: V4.68a, compiled Apr 12 2013 13:26:50
Firmware: J-Link ARM V8 compiled Jan 31 2018 18:34:52
Hardware: V8.00
S/N : 20080643 
Feature(s) : RDI,FlashDL,FlashBP,JFlash,GDBFull 
 
* JLink Info: Found SWD-DP with ID 0x1BA01477
* JLink Info: Found SWD-DP with ID 0x1BA01477
* JLink Info: TPIU fitted.
* JLink Info: ETM fitted.
* JLink Info: FPUnit: 6 code (BP) slots and 2 literal slots
* JLink Info: Found Cortex-M3 r1p1, Little endian.
ROMTableAddr = 0xE00FF003
 
Target info:
------------
Device: STM32F103RC
VTarget = 3.280V
State of Pins: 
TCK: 0, TDI: 1, TDO: 1, TMS: 0, TRES: 1, TRST: 1
Hardware-Breakpoints: 6
Software-Breakpoints: 8192
Watchpoints:          4
JTAG speed: 2000 kHz
 
Erase Done.
Programming Done.
Verify OK.
Application running ...
Build target '百施通'
compiling am2320_bsp.c...
linking...
Program Size: Code=22304 RO-data=480 RW-data=184 ZI-data=12208  
FromELF: creating hex file...
After Build - User command #1: fromelf --bin ..\..\PROJ\Output\STM32-DEMO.axf --output ..\..\PROJ\OutputBin\STM32-DEMO.bin
"..\Output\STM32-DEMO.axf" - 0 Errors, 0 Warning(s).
Load "..\\Output\\STM32-DEMO.axf" 
Set JLink Project File to "E:\ESP8266开发板例程\温度显示 - 中断\PROJ\mdk4\JLinkSettings.ini"
* JLink Info: Device "STM32F103RC" selected (256 KB flash, 48 KB RAM).
 
JLink info:
------------
DLL: V4.68a, compiled Apr 12 2013 13:26:50
Firmware: J-Link ARM V8 compiled Jan 31 2018 18:34:52
Hardware: V8.00
S/N : 20080643 
Feature(s) : RDI,FlashDL,FlashBP,JFlash,GDBFull 
 
* JLink Info: Found SWD-DP with ID 0x1BA01477
* JLink Info: Found SWD-DP with ID 0x1BA01477
* JLink Info: TPIU fitted.
* JLink Info: ETM fitted.
* JLink Info: FPUnit: 6 code (BP) slots and 2 literal slots
* JLink Info: Found Cortex-M3 r1p1, Little endian.
ROMTableAddr = 0xE00FF003
 
Target info:
------------
Device: STM32F103RC
VTarget = 3.274V
State of Pins: 
TCK: 0, TDI: 1, TDO: 1, TMS: 0, TRES: 1, TRST: 1
Hardware-Breakpoints: 6
Software-Breakpoints: 8192
Watchpoints:          4
JTAG speed: 2000 kHz
 
Erase Done.
Programming Done.
Verify OK.
Application running ...
Build target '百施通'
compiling am2320_bsp.c...
linking...
Program Size: Code=22304 RO-data=480 RW-data=184 ZI-data=12208  
FromELF: creating hex file...
After Build - User command #1: fromelf --bin ..\..\PROJ\Output\STM32-DEMO.axf --output ..\..\PROJ\OutputBin\STM32-DEMO.bin
"..\Output\STM32-DEMO.axf" - 0 Errors, 0 Warning(s).
Build target '百施通'
compiling am2320_bsp.c...
linking...
Program Size: Code=22304 RO-data=480 RW-data=184 ZI-data=12208  
FromELF: creating hex file...
After Build - User command #1: fromelf --bin ..\..\PROJ\Output\STM32-DEMO.axf --output ..\..\PROJ\OutputBin\STM32-DEMO.bin
"..\Output\STM32-DEMO.axf" - 0 Errors, 0 Warning(s).
Load "..\\Output\\STM32-DEMO.axf" 
Set JLink Project File to "E:\ESP8266开发板例程\温度显示 - 中断\PROJ\mdk4\JLinkSettings.ini"
* JLink Info: Device "STM32F103RC" selected (256 KB flash, 48 KB RAM).
 
JLink info:
------------
DLL: V4.68a, compiled Apr 12 2013 13:26:50
Firmware: J-Link ARM V8 compiled Jan 31 2018 18:34:52
Hardware: V8.00
S/N : 20080643 
Feature(s) : RDI,FlashDL,FlashBP,JFlash,GDBFull 
 
* JLink Info: Found SWD-DP with ID 0x1BA01477
* JLink Info: Found SWD-DP with ID 0x1BA01477
* JLink Info: TPIU fitted.
* JLink Info: ETM fitted.
* JLink Info: FPUnit: 6 code (BP) slots and 2 literal slots
* JLink Info: Found Cortex-M3 r1p1, Little endian.
ROMTableAddr = 0xE00FF003
 
Target info:
------------
Device: STM32F103RC
VTarget = 3.274V
State of Pins: 
TCK: 0, TDI: 1, TDO: 1, TMS: 0, TRES: 1, TRST: 1
Hardware-Breakpoints: 6
Software-Breakpoints: 8192
Watchpoints:          4
JTAG speed: 2000 kHz
 
Erase Done.
Programming Done.
Verify OK.
Application running ...
Build target '百施通'
compiling am2320_bsp.c...
linking...
Program Size: Code=22304 RO-data=480 RW-data=184 ZI-data=12208  
FromELF: creating hex file...
After Build - User command #1: fromelf --bin ..\..\PROJ\Output\STM32-DEMO.axf --output ..\..\PROJ\OutputBin\STM32-DEMO.bin
"..\Output\STM32-DEMO.axf" - 0 Errors, 0 Warning(s).
Load "..\\Output\\STM32-DEMO.axf" 
Set JLink Project File to "E:\ESP8266开发板例程\温度显示 - 中断\PROJ\mdk4\JLinkSettings.ini"
* JLink Info: Device "STM32F103RC" selected (256 KB flash, 48 KB RAM).
 
JLink info:
------------
DLL: V4.68a, compiled Apr 12 2013 13:26:50
Firmware: J-Link ARM V8 compiled Jan 31 2018 18:34:52
Hardware: V8.00
S/N : 20080643 
Feature(s) : RDI,FlashDL,FlashBP,JFlash,GDBFull 
 
* JLink Info: Found SWD-DP with ID 0x1BA01477
* JLink Info: Found SWD-DP with ID 0x1BA01477
* JLink Info: TPIU fitted.
* JLink Info: ETM fitted.
* JLink Info: FPUnit: 6 code (BP) slots and 2 literal slots
* JLink Info: Found Cortex-M3 r1p1, Little endian.
ROMTableAddr = 0xE00FF003
 
Target info:
------------
Device: STM32F103RC
VTarget = 3.274V
State of Pins: 
TCK: 0, TDI: 1, TDO: 1, TMS: 0, TRES: 1, TRST: 1
Hardware-Breakpoints: 6
Software-Breakpoints: 8192
Watchpoints:          4
JTAG speed: 2000 kHz
 
Erase Done.
Programming Done.
Verify OK.
Application running ...
Load "..\\Output\\STM32-DEMO.axf" 
Set JLink Project File to "E:\ESP8266开发板例程\温度显示 - 中断\PROJ\mdk4\JLinkSettings.ini"
* JLink Info: Device "STM32F103RC" selected (256 KB flash, 48 KB RAM).
 
JLink info:
------------
DLL: V4.68a, compiled Apr 12 2013 13:26:50
Firmware: J-Link ARM V8 compiled Jan 31 2018 18:34:52
Hardware: V8.00
S/N : 20080643 
Feature(s) : RDI,FlashDL,FlashBP,JFlash,GDBFull 
 
* JLink Info: Found SWD-DP with ID 0x1BA01477
* JLink Info: Found SWD-DP with ID 0x1BA01477
* JLink Info: TPIU fitted.
* JLink Info: ETM fitted.
* JLink Info: FPUnit: 6 code (BP) slots and 2 literal slots
* JLink Info: Found Cortex-M3 r1p1, Little endian.
ROMTableAddr = 0xE00FF003
 
Target info:
------------
Device: STM32F103RC
VTarget = 3.274V
State of Pins: 
TCK: 0, TDI: 1, TDO: 1, TMS: 0, TRES: 1, TRST: 1
Hardware-Breakpoints: 6
Software-Breakpoints: 8192
Watchpoints:          4
JTAG speed: 2000 kHz
 
Erase Done.
Programming Done.
Verify OK.
Application running ...
Build target '百施通'
compiling am2320_bsp.c...
linking...
Program Size: Code=22304 RO-data=480 RW-data=184 ZI-data=12208  
FromELF: creating hex file...
After Build - User command #1: fromelf --bin ..\..\PROJ\Output\STM32-DEMO.axf --output ..\..\PROJ\OutputBin\STM32-DEMO.bin
"..\Output\STM32-DEMO.axf" - 0 Errors, 0 Warning(s).
Load "..\\Output\\STM32-DEMO.axf" 
Set JLink Project File to "E:\ESP8266开发板例程\温度显示 - 中断\PROJ\mdk4\JLinkSettings.ini"
* JLink Info: Device "STM32F103RC" selected (256 KB flash, 48 KB RAM).
 
JLink info:
------------
DLL: V4.68a, compiled Apr 12 2013 13:26:50
Firmware: J-Link ARM V8 compiled Jan 31 2018 18:34:52
Hardware: V8.00
S/N : 20080643 
Feature(s) : RDI,FlashDL,FlashBP,JFlash,GDBFull 
 
* JLink Info: Found SWD-DP with ID 0x1BA01477
* JLink Info: Found SWD-DP with ID 0x1BA01477
* JLink Info: TPIU fitted.
* JLink Info: ETM fitted.
* JLink Info: FPUnit: 6 code (BP) slots and 2 literal slots
* JLink Info: Found Cortex-M3 r1p1, Little endian.
ROMTableAddr = 0xE00FF003
 
Target info:
------------
Device: STM32F103RC
VTarget = 3.280V
State of Pins: 
TCK: 0, TDI: 1, TDO: 1, TMS: 0, TRES: 1, TRST: 1
Hardware-Breakpoints: 6
Software-Breakpoints: 8192
Watchpoints:          4
JTAG speed: 2000 kHz
 
Erase Done.
Programming Done.
Verify OK.
Application running ...
Build target '百施通'
compiling am2320_bsp.c...
linking...
Program Size: Code=22304 RO-data=480 RW-data=184 ZI-data=12208  
FromELF: creating hex file...
After Build - User command #1: fromelf --bin ..\..\PROJ\Output\STM32-DEMO.axf --output ..\..\PROJ\OutputBin\STM32-DEMO.bin
"..\Output\STM32-DEMO.axf" - 0 Errors, 0 Warning(s).
Load "..\\Output\\STM32-DEMO.axf" 
Set JLink Project File to "E:\ESP8266开发板例程\温度显示 - 中断\PROJ\mdk4\JLinkSettings.ini"
* JLink Info: Device "STM32F103RC" selected (256 KB flash, 48 KB RAM).
 
JLink info:
------------
DLL: V4.68a, compiled Apr 12 2013 13:26:50
Firmware: J-Link ARM V8 compiled Jan 31 2018 18:34:52
Hardware: V8.00
S/N : 20080643 
Feature(s) : RDI,FlashDL,FlashBP,JFlash,GDBFull 
 
* JLink Info: Found SWD-DP with ID 0x1BA01477
* JLink Info: Found SWD-DP with ID 0x1BA01477
* JLink Info: TPIU fitted.
* JLink Info: ETM fitted.
* JLink Info: FPUnit: 6 code (BP) slots and 2 literal slots
* JLink Info: Found Cortex-M3 r1p1, Little endian.
ROMTableAddr = 0xE00FF003
 
Target info:
------------
Device: STM32F103RC
VTarget = 3.274V
State of Pins: 
TCK: 0, TDI: 1, TDO: 1, TMS: 0, TRES: 1, TRST: 1
Hardware-Breakpoints: 6
Software-Breakpoints: 8192
Watchpoints:          4
JTAG speed: 2000 kHz
 
Erase Done.
Programming Done.
Verify OK.
Application running ...
Build target '百施通'
compiling am2320_bsp.c...
linking...
Program Size: Code=22304 RO-data=480 RW-data=184 ZI-data=12208  
FromELF: creating hex file...
After Build - User command #1: fromelf --bin ..\..\PROJ\Output\STM32-DEMO.axf --output ..\..\PROJ\OutputBin\STM32-DEMO.bin
"..\Output\STM32-DEMO.axf" - 0 Errors, 0 Warning(s).
Load "..\\Output\\STM32-DEMO.axf" 
Set JLink Project File to "E:\ESP8266开发板例程\温度显示 - 中断\PROJ\mdk4\JLinkSettings.ini"
* JLink Info: Device "STM32F103RC" selected (256 KB flash, 48 KB RAM).
 
JLink info:
------------
DLL: V4.68a, compiled Apr 12 2013 13:26:50
Firmware: J-Link ARM V8 compiled Jan 31 2018 18:34:52
Hardware: V8.00
S/N : 20080643 
Feature(s) : RDI,FlashDL,FlashBP,JFlash,GDBFull 
 
* JLink Info: Found SWD-DP with ID 0x1BA01477
* JLink Info: Found SWD-DP with ID 0x1BA01477
* JLink Info: TPIU fitted.
* JLink Info: ETM fitted.
* JLink Info: FPUnit: 6 code (BP) slots and 2 literal slots
* JLink Info: Found Cortex-M3 r1p1, Little endian.
ROMTableAddr = 0xE00FF003
 
Target info:
------------
Device: STM32F103RC
VTarget = 3.274V
State of Pins: 
TCK: 0, TDI: 1, TDO: 1, TMS: 0, TRES: 1, TRST: 1
Hardware-Breakpoints: 6
Software-Breakpoints: 8192
Watchpoints:          4
JTAG speed: 2000 kHz
 
Erase Done.
Programming Done.
Verify OK.
Application running ...
Load "..\\Output\\STM32-DEMO.axf" 
Set JLink Project File to "E:\ESP8266开发板例程\温度显示 - 中断\PROJ\mdk4\JLinkSettings.ini"
* JLink Info: Device "STM32F103RC" selected (256 KB flash, 48 KB RAM).
 
JLink info:
------------
DLL: V4.68a, compiled Apr 12 2013 13:26:50
Firmware: J-Link ARM V8 compiled Jan 31 2018 18:34:52
Hardware: V8.00
S/N : 20080643 
Feature(s) : RDI,FlashDL,FlashBP,JFlash,GDBFull 
 
* JLink Info: Found SWD-DP with ID 0x1BA01477
* JLink Info: Found SWD-DP with ID 0x1BA01477
* JLink Info: TPIU fitted.
* JLink Info: ETM fitted.
* JLink Info: FPUnit: 6 code (BP) slots and 2 literal slots
* JLink Info: Found Cortex-M3 r1p1, Little endian.
ROMTableAddr = 0xE00FF003
 
Target info:
------------
Device: STM32F103RC
VTarget = 3.274V
State of Pins: 
TCK: 0, TDI: 1, TDO: 1, TMS: 0, TRES: 1, TRST: 1
Hardware-Breakpoints: 6
Software-Breakpoints: 8192
Watchpoints:          4
JTAG speed: 2000 kHz
 
Erase Done.
Programming Done.
Verify OK.
Application running ...
Build target '百施通'
compiling am2320_bsp.c...
linking...
Program Size: Code=22304 RO-data=480 RW-data=184 ZI-data=12208  
FromELF: creating hex file...
After Build - User command #1: fromelf --bin ..\..\PROJ\Output\STM32-DEMO.axf --output ..\..\PROJ\OutputBin\STM32-DEMO.bin
"..\Output\STM32-DEMO.axf" - 0 Errors, 0 Warning(s).
Build target '百施通'
compiling am2320_bsp.c...
linking...
Program Size: Code=22304 RO-data=480 RW-data=184 ZI-data=12208  
FromELF: creating hex file...
After Build - User command #1: fromelf --bin ..\..\PROJ\Output\STM32-DEMO.axf --output ..\..\PROJ\OutputBin\STM32-DEMO.bin
"..\Output\STM32-DEMO.axf" - 0 Errors, 0 Warning(s).
Load "..\\Output\\STM32-DEMO.axf" 
Set JLink Project File to "E:\ESP8266开发板例程\温度显示 - 中断\PROJ\mdk4\JLinkSettings.ini"
* JLink Info: Device "STM32F103RC" selected (256 KB flash, 48 KB RAM).
 
JLink info:
------------
DLL: V4.68a, compiled Apr 12 2013 13:26:50
Firmware: J-Link ARM V8 compiled Jan 31 2018 18:34:52
Hardware: V8.00
S/N : 20080643 
Feature(s) : RDI,FlashDL,FlashBP,JFlash,GDBFull 
 
* JLink Info: Found SWD-DP with ID 0x1BA01477
* JLink Info: Found SWD-DP with ID 0x1BA01477
* JLink Info: TPIU fitted.
* JLink Info: ETM fitted.
* JLink Info: FPUnit: 6 code (BP) slots and 2 literal slots
* JLink Info: Found Cortex-M3 r1p1, Little endian.
ROMTableAddr = 0xE00FF003
 
Target info:
------------
Device: STM32F103RC
VTarget = 3.280V
State of Pins: 
TCK: 0, TDI: 1, TDO: 1, TMS: 0, TRES: 1, TRST: 1
Hardware-Breakpoints: 6
Software-Breakpoints: 8192
Watchpoints:          4
JTAG speed: 2000 kHz
 
Erase Done.
Programming Done.
Verify OK.
Application running ...
Build target '百施通'
compiling am2320_bsp.c...
linking...
Program Size: Code=22304 RO-data=480 RW-data=184 ZI-data=12208  
FromELF: creating hex file...
After Build - User command #1: fromelf --bin ..\..\PROJ\Output\STM32-DEMO.axf --output ..\..\PROJ\OutputBin\STM32-DEMO.bin
"..\Output\STM32-DEMO.axf" - 0 Errors, 0 Warning(s).
Load "..\\Output\\STM32-DEMO.axf" 
Set JLink Project File to "E:\ESP8266开发板例程\温度显示 - 中断\PROJ\mdk4\JLinkSettings.ini"
* JLink Info: Device "STM32F103RC" selected (256 KB flash, 48 KB RAM).
 
JLink info:
------------
DLL: V4.68a, compiled Apr 12 2013 13:26:50
Firmware: J-Link ARM V8 compiled Jan 31 2018 18:34:52
Hardware: V8.00
S/N : 20080643 
Feature(s) : RDI,FlashDL,FlashBP,JFlash,GDBFull 
 
* JLink Info: Found SWD-DP with ID 0x1BA01477
* JLink Info: Found SWD-DP with ID 0x1BA01477
* JLink Info: TPIU fitted.
* JLink Info: ETM fitted.
* JLink Info: FPUnit: 6 code (BP) slots and 2 literal slots
* JLink Info: Found Cortex-M3 r1p1, Little endian.
ROMTableAddr = 0xE00FF003
 
Target info:
------------
Device: STM32F103RC
VTarget = 3.280V
State of Pins: 
TCK: 0, TDI: 1, TDO: 1, TMS: 0, TRES: 1, TRST: 1
Hardware-Breakpoints: 6
Software-Breakpoints: 8192
Watchpoints:          4
JTAG speed: 2000 kHz
 
Erase Done.
Programming Done.
Verify OK.
Application running ...
Build target '百施通'
compiling am2320_bsp.c...
..\..\APPLICATION\am2320\src\am2320_bsp.c(57): warning:  #177-D: variable "NVIC_InitStruct" was declared but never referenced
linking...
Program Size: Code=22136 RO-data=480 RW-data=184 ZI-data=12208  
FromELF: creating hex file...
After Build - User command #1: fromelf --bin ..\..\PROJ\Output\STM32-DEMO.axf --output ..\..\PROJ\OutputBin\STM32-DEMO.bin
"..\Output\STM32-DEMO.axf" - 0 Errors, 1 Warning(s).
Load "..\\Output\\STM32-DEMO.axf" 
Set JLink Project File to "E:\ESP8266开发板例程\温度显示 - 中断\PROJ\mdk4\JLinkSettings.ini"
* JLink Info: Device "STM32F103RC" selected (256 KB flash, 48 KB RAM).
 
JLink info:
------------
DLL: V4.68a, compiled Apr 12 2013 13:26:50
Firmware: J-Link ARM V8 compiled Jan 31 2018 18:34:52
Hardware: V8.00
S/N : 20080643 
Feature(s) : RDI,FlashDL,FlashBP,JFlash,GDBFull 
 
* JLink Info: Found SWD-DP with ID 0x1BA01477
* JLink Info: Found SWD-DP with ID 0x1BA01477
* JLink Info: TPIU fitted.
* JLink Info: ETM fitted.
* JLink Info: FPUnit: 6 code (BP) slots and 2 literal slots
* JLink Info: Found Cortex-M3 r1p1, Little endian.
ROMTableAddr = 0xE00FF003
 
Target info:
------------
Device: STM32F103RC
VTarget = 3.280V
State of Pins: 
TCK: 0, TDI: 1, TDO: 1, TMS: 0, TRES: 1, TRST: 1
Hardware-Breakpoints: 6
Software-Breakpoints: 8192
Watchpoints:          4
JTAG speed: 2000 kHz
 
Erase Done.
Programming Done.
Verify OK.
Application running ...
Build target '百施通'
compiling am2320_bsp.c...
linking...
Program Size: Code=22264 RO-data=480 RW-data=184 ZI-data=12208  
FromELF: creating hex file...
After Build - User command #1: fromelf --bin ..\..\PROJ\Output\STM32-DEMO.axf --output ..\..\PROJ\OutputBin\STM32-DEMO.bin
"..\Output\STM32-DEMO.axf" - 0 Errors, 0 Warning(s).
Load "..\\Output\\STM32-DEMO.axf" 
Set JLink Project File to "E:\ESP8266开发板例程\温度显示 - 中断\PROJ\mdk4\JLinkSettings.ini"
* JLink Info: Device "STM32F103RC" selected (256 KB flash, 48 KB RAM).
 
JLink info:
------------
DLL: V4.68a, compiled Apr 12 2013 13:26:50
Firmware: J-Link ARM V8 compiled Jan 31 2018 18:34:52
Hardware: V8.00
S/N : 20080643 
Feature(s) : RDI,FlashDL,FlashBP,JFlash,GDBFull 
 
* JLink Info: Found SWD-DP with ID 0x1BA01477
* JLink Info: Found SWD-DP with ID 0x1BA01477
* JLink Info: TPIU fitted.
* JLink Info: ETM fitted.
* JLink Info: FPUnit: 6 code (BP) slots and 2 literal slots
* JLink Info: Found Cortex-M3 r1p1, Little endian.
ROMTableAddr = 0xE00FF003
 
Target info:
------------
Device: STM32F103RC
VTarget = 3.274V
State of Pins: 
TCK: 0, TDI: 1, TDO: 1, TMS: 0, TRES: 1, TRST: 1
Hardware-Breakpoints: 6
Software-Breakpoints: 8192
Watchpoints:          4
JTAG speed: 2000 kHz
 
Erase Done.
Programming Done.
Verify OK.
Application running ...
Build target '百施通'
compiling am2320_bsp.c...
..\..\APPLICATION\am2320\src\am2320_bsp.c(57): warning:  #177-D: variable "NVIC_InitStruct" was declared but never referenced
linking...
Program Size: Code=22224 RO-data=480 RW-data=184 ZI-data=12208  
FromELF: creating hex file...
After Build - User command #1: fromelf --bin ..\..\PROJ\Output\STM32-DEMO.axf --output ..\..\PROJ\OutputBin\STM32-DEMO.bin
"..\Output\STM32-DEMO.axf" - 0 Errors, 1 Warning(s).
Load "..\\Output\\STM32-DEMO.axf" 
Set JLink Project File to "E:\ESP8266开发板例程\温度显示 - 中断\PROJ\mdk4\JLinkSettings.ini"
* JLink Info: Device "STM32F103RC" selected (256 KB flash, 48 KB RAM).
 
JLink info:
------------
DLL: V4.68a, compiled Apr 12 2013 13:26:50
Firmware: J-Link ARM V8 compiled Jan 31 2018 18:34:52
Hardware: V8.00
S/N : 20080643 
Feature(s) : RDI,FlashDL,FlashBP,JFlash,GDBFull 
 
* JLink Info: Found SWD-DP with ID 0x1BA01477
* JLink Info: Found SWD-DP with ID 0x1BA01477
* JLink Info: TPIU fitted.
* JLink Info: ETM fitted.
* JLink Info: FPUnit: 6 code (BP) slots and 2 literal slots
* JLink Info: Found Cortex-M3 r1p1, Little endian.
ROMTableAddr = 0xE00FF003
 
Target info:
------------
Device: STM32F103RC
VTarget = 3.274V
State of Pins: 
TCK: 0, TDI: 1, TDO: 1, TMS: 0, TRES: 1, TRST: 1
Hardware-Breakpoints: 6
Software-Breakpoints: 8192
Watchpoints:          4
JTAG speed: 2000 kHz
 
Erase Done.
Programming Done.
Verify OK.
Application running ...
Build target '百施通'
compiling am2320_bsp.c...
linking...
Program Size: Code=22296 RO-data=480 RW-data=184 ZI-data=12208  
FromELF: creating hex file...
After Build - User command #1: fromelf --bin ..\..\PROJ\Output\STM32-DEMO.axf --output ..\..\PROJ\OutputBin\STM32-DEMO.bin
"..\Output\STM32-DEMO.axf" - 0 Errors, 0 Warning(s).
Load "..\\Output\\STM32-DEMO.axf" 
Set JLink Project File to "E:\ESP8266开发板例程\温度显示 - 中断\PROJ\mdk4\JLinkSettings.ini"
* JLink Info: Device "STM32F103RC" selected (256 KB flash, 48 KB RAM).
 
JLink info:
------------
DLL: V4.68a, compiled Apr 12 2013 13:26:50
Firmware: J-Link ARM V8 compiled Jan 31 2018 18:34:52
Hardware: V8.00
S/N : 20080643 
Feature(s) : RDI,FlashDL,FlashBP,JFlash,GDBFull 
 
* JLink Info: Found SWD-DP with ID 0x1BA01477
* JLink Info: Found SWD-DP with ID 0x1BA01477
* JLink Info: TPIU fitted.
* JLink Info: ETM fitted.
* JLink Info: FPUnit: 6 code (BP) slots and 2 literal slots
* JLink Info: Found Cortex-M3 r1p1, Little endian.
ROMTableAddr = 0xE00FF003
 
Target info:
------------
Device: STM32F103RC
VTarget = 3.274V
State of Pins: 
TCK: 0, TDI: 1, TDO: 1, TMS: 0, TRES: 1, TRST: 1
Hardware-Breakpoints: 6
Software-Breakpoints: 8192
Watchpoints:          4
JTAG speed: 2000 kHz
 
Erase Done.
Programming Done.
Verify OK.
Application running ...
Build target '百施通'
compiling am2320_bsp.c...
..\..\APPLICATION\am2320\src\am2320_bsp.c(57): warning:  #177-D: variable "NVIC_InitStruct" was declared but never referenced
linking...
Program Size: Code=22272 RO-data=480 RW-data=184 ZI-data=12208  
FromELF: creating hex file...
After Build - User command #1: fromelf --bin ..\..\PROJ\Output\STM32-DEMO.axf --output ..\..\PROJ\OutputBin\STM32-DEMO.bin
"..\Output\STM32-DEMO.axf" - 0 Errors, 1 Warning(s).
Load "..\\Output\\STM32-DEMO.axf" 
Set JLink Project File to "E:\ESP8266开发板例程\温度显示 - 中断\PROJ\mdk4\JLinkSettings.ini"
* JLink Info: Device "STM32F103RC" selected (256 KB flash, 48 KB RAM).
 
JLink info:
------------
DLL: V4.68a, compiled Apr 12 2013 13:26:50
Firmware: J-Link ARM V8 compiled Jan 31 2018 18:34:52
Hardware: V8.00
S/N : 20080643 
Feature(s) : RDI,FlashDL,FlashBP,JFlash,GDBFull 
 
* JLink Info: Found SWD-DP with ID 0x1BA01477
* JLink Info: Found SWD-DP with ID 0x1BA01477
* JLink Info: TPIU fitted.
* JLink Info: ETM fitted.
* JLink Info: FPUnit: 6 code (BP) slots and 2 literal slots
* JLink Info: Found Cortex-M3 r1p1, Little endian.
ROMTableAddr = 0xE00FF003
 
Target info:
------------
Device: STM32F103RC
VTarget = 3.280V
State of Pins: 
TCK: 0, TDI: 1, TDO: 1, TMS: 0, TRES: 1, TRST: 1
Hardware-Breakpoints: 6
Software-Breakpoints: 8192
Watchpoints:          4
JTAG speed: 2000 kHz
 
Erase Done.
Programming Done.
Verify OK.
Application running ...
Build target '百施通'
compiling am2320.c...
compiling am2320_bsp.c...
linking...
Program Size: Code=21976 RO-data=480 RW-data=184 ZI-data=12208  
FromELF: creating hex file...
After Build - User command #1: fromelf --bin ..\..\PROJ\Output\STM32-DEMO.axf --output ..\..\PROJ\OutputBin\STM32-DEMO.bin
"..\Output\STM32-DEMO.axf" - 0 Errors, 0 Warning(s).
Load "..\\Output\\STM32-DEMO.axf" 
Set JLink Project File to "E:\ESP8266开发板例程\温度显示 - 中断\PROJ\mdk4\JLinkSettings.ini"
* JLink Info: Device "STM32F103RC" selected (256 KB flash, 48 KB RAM).
 
JLink info:
------------
DLL: V4.68a, compiled Apr 12 2013 13:26:50
Firmware: J-Link ARM V8 compiled Jan 31 2018 18:34:52
Hardware: V8.00
S/N : 20080643 
Feature(s) : RDI,FlashDL,FlashBP,JFlash,GDBFull 
 
* JLink Info: Found SWD-DP with ID 0x1BA01477
* JLink Info: Found SWD-DP with ID 0x1BA01477
* JLink Info: TPIU fitted.
* JLink Info: ETM fitted.
* JLink Info: FPUnit: 6 code (BP) slots and 2 literal slots
* JLink Info: Found Cortex-M3 r1p1, Little endian.
ROMTableAddr = 0xE00FF003
 
Target info:
------------
Device: STM32F103RC
VTarget = 3.274V
State of Pins: 
TCK: 0, TDI: 1, TDO: 1, TMS: 0, TRES: 1, TRST: 1
Hardware-Breakpoints: 6
Software-Breakpoints: 8192
Watchpoints:          4
JTAG speed: 2000 kHz
 
Erase Done.
Programming Done.
Verify OK.
Application running ...
Build target '百施通'
compiling am2320.c...
..\..\APPLICATION\am2320\src\am2320.c(215): warning:  #177-D: function "Am2320_ReadEnd" was declared but never referenced
linking...
Program Size: Code=21968 RO-data=480 RW-data=184 ZI-data=12208  
FromELF: creating hex file...
After Build - User command #1: fromelf --bin ..\..\PROJ\Output\STM32-DEMO.axf --output ..\..\PROJ\OutputBin\STM32-DEMO.bin
"..\Output\STM32-DEMO.axf" - 0 Errors, 1 Warning(s).
Load "..\\Output\\STM32-DEMO.axf" 
Set JLink Project File to "E:\ESP8266开发板例程\温度显示 - 中断\PROJ\mdk4\JLinkSettings.ini"
* JLink Info: Device "STM32F103RC" selected (256 KB flash, 48 KB RAM).
 
JLink info:
------------
DLL: V4.68a, compiled Apr 12 2013 13:26:50
Firmware: J-Link ARM V8 compiled Jan 31 2018 18:34:52
Hardware: V8.00
S/N : 20080643 
Feature(s) : RDI,FlashDL,FlashBP,JFlash,GDBFull 
 
* JLink Info: Found SWD-DP with ID 0x1BA01477
* JLink Info: Found SWD-DP with ID 0x1BA01477
* JLink Info: TPIU fitted.
* JLink Info: ETM fitted.
* JLink Info: FPUnit: 6 code (BP) slots and 2 literal slots
* JLink Info: Found Cortex-M3 r1p1, Little endian.
ROMTableAddr = 0xE00FF003
 
Target info:
------------
Device: STM32F103RC
VTarget = 3.274V
State of Pins: 
TCK: 0, TDI: 1, TDO: 1, TMS: 0, TRES: 1, TRST: 1
Hardware-Breakpoints: 6
Software-Breakpoints: 8192
Watchpoints:          4
JTAG speed: 2000 kHz
 
Erase Done.
Programming Done.
Verify OK.
Application running ...
Build target '百施通'
compiling am2320.c...
linking...
Program Size: Code=22288 RO-data=480 RW-data=184 ZI-data=12208  
FromELF: creating hex file...
After Build - User command #1: fromelf --bin ..\..\PROJ\Output\STM32-DEMO.axf --output ..\..\PROJ\OutputBin\STM32-DEMO.bin
"..\Output\STM32-DEMO.axf" - 0 Errors, 0 Warning(s).
Build target '百施通'
compiling am2320.c...
..\..\APPLICATION\am2320\src\am2320.c(204): warning:  #69-D: integer conversion resulted in truncation
linking...
Program Size: Code=22288 RO-data=480 RW-data=184 ZI-data=12208  
FromELF: creating hex file...
After Build - User command #1: fromelf --bin ..\..\PROJ\Output\STM32-DEMO.axf --output ..\..\PROJ\OutputBin\STM32-DEMO.bin
"..\Output\STM32-DEMO.axf" - 0 Errors, 1 Warning(s).
Load "..\\Output\\STM32-DEMO.axf" 
Set JLink Project File to "E:\ESP8266开发板例程\温度显示 - 中断\PROJ\mdk4\JLinkSettings.ini"
* JLink Info: Device "STM32F103RC" selected (256 KB flash, 48 KB RAM).
 
JLink info:
------------
DLL: V4.68a, compiled Apr 12 2013 13:26:50
Firmware: J-Link ARM V8 compiled Jan 31 2018 18:34:52
Hardware: V8.00
S/N : 20080643 
Feature(s) : RDI,FlashDL,FlashBP,JFlash,GDBFull 
 
* JLink Info: Found SWD-DP with ID 0x1BA01477
* JLink Info: Found SWD-DP with ID 0x1BA01477
* JLink Info: TPIU fitted.
* JLink Info: ETM fitted.
* JLink Info: FPUnit: 6 code (BP) slots and 2 literal slots
* JLink Info: Found Cortex-M3 r1p1, Little endian.
ROMTableAddr = 0xE00FF003
 
Target info:
------------
Device: STM32F103RC
VTarget = 3.280V
State of Pins: 
TCK: 0, TDI: 1, TDO: 1, TMS: 0, TRES: 1, TRST: 1
Hardware-Breakpoints: 6
Software-Breakpoints: 8192
Watchpoints:          4
JTAG speed: 2000 kHz
 
Erase Done.
Programming Done.
Verify OK.
Application running ...
Build target '百施通'
compiling am2320.c...
..\..\APPLICATION\am2320\src\am2320.c(204): warning:  #69-D: integer conversion resulted in truncation
linking...
Program Size: Code=22296 RO-data=480 RW-data=184 ZI-data=12208  
FromELF: creating hex file...
After Build - User command #1: fromelf --bin ..\..\PROJ\Output\STM32-DEMO.axf --output ..\..\PROJ\OutputBin\STM32-DEMO.bin
"..\Output\STM32-DEMO.axf" - 0 Errors, 1 Warning(s).
Load "..\\Output\\STM32-DEMO.axf" 
Set JLink Project File to "E:\ESP8266开发板例程\温度显示 - 中断\PROJ\mdk4\JLinkSettings.ini"
* JLink Info: Device "STM32F103RC" selected (256 KB flash, 48 KB RAM).
 
JLink info:
------------
DLL: V4.68a, compiled Apr 12 2013 13:26:50
Firmware: J-Link ARM V8 compiled Jan 31 2018 18:34:52
Hardware: V8.00
S/N : 20080643 
Feature(s) : RDI,FlashDL,FlashBP,JFlash,GDBFull 
 
* JLink Info: Found SWD-DP with ID 0x1BA01477
* JLink Info: Found SWD-DP with ID 0x1BA01477
* JLink Info: TPIU fitted.
* JLink Info: ETM fitted.
* JLink Info: FPUnit: 6 code (BP) slots and 2 literal slots
* JLink Info: Found Cortex-M3 r1p1, Little endian.
ROMTableAddr = 0xE00FF003
 
Target info:
------------
Device: STM32F103RC
VTarget = 3.274V
State of Pins: 
TCK: 0, TDI: 1, TDO: 1, TMS: 0, TRES: 1, TRST: 1
Hardware-Breakpoints: 6
Software-Breakpoints: 8192
Watchpoints:          4
JTAG speed: 2000 kHz
 
Erase Done.
Programming Done.
Verify OK.
Application running ...
Build target '百施通'
compiling am2320.c...
..\..\APPLICATION\am2320\src\am2320.c(204): warning:  #69-D: integer conversion resulted in truncation
linking...
Program Size: Code=22288 RO-data=480 RW-data=184 ZI-data=12208  
FromELF: creating hex file...
After Build - User command #1: fromelf --bin ..\..\PROJ\Output\STM32-DEMO.axf --output ..\..\PROJ\OutputBin\STM32-DEMO.bin
"..\Output\STM32-DEMO.axf" - 0 Errors, 1 Warning(s).
Load "..\\Output\\STM32-DEMO.axf" 
Set JLink Project File to "E:\ESP8266开发板例程\温度显示 - 中断\PROJ\mdk4\JLinkSettings.ini"
* JLink Info: Device "STM32F103RC" selected (256 KB flash, 48 KB RAM).
 
JLink info:
------------
DLL: V4.68a, compiled Apr 12 2013 13:26:50
Firmware: J-Link ARM V8 compiled Jan 31 2018 18:34:52
Hardware: V8.00
S/N : 20080643 
Feature(s) : RDI,FlashDL,FlashBP,JFlash,GDBFull 
 
* JLink Info: Found SWD-DP with ID 0x1BA01477
* JLink Info: Found SWD-DP with ID 0x1BA01477
* JLink Info: TPIU fitted.
* JLink Info: ETM fitted.
* JLink Info: FPUnit: 6 code (BP) slots and 2 literal slots
* JLink Info: Found Cortex-M3 r1p1, Little endian.
ROMTableAddr = 0xE00FF003
 
Target info:
------------
Device: STM32F103RC
VTarget = 3.280V
State of Pins: 
TCK: 0, TDI: 1, TDO: 1, TMS: 0, TRES: 1, TRST: 1
Hardware-Breakpoints: 6
Software-Breakpoints: 8192
Watchpoints:          4
JTAG speed: 2000 kHz
 
Erase Done.
Programming Done.
Verify OK.
Application running ...
Build target '百施通'
compiling am2320_bsp.c...
linking...
Program Size: Code=22320 RO-data=480 RW-data=184 ZI-data=12208  
FromELF: creating hex file...
After Build - User command #1: fromelf --bin ..\..\PROJ\Output\STM32-DEMO.axf --output ..\..\PROJ\OutputBin\STM32-DEMO.bin
"..\Output\STM32-DEMO.axf" - 0 Errors, 0 Warning(s).
Load "..\\Output\\STM32-DEMO.axf" 
Set JLink Project File to "E:\ESP8266开发板例程\温度显示 - 中断\PROJ\mdk4\JLinkSettings.ini"
* JLink Info: Device "STM32F103RC" selected (256 KB flash, 48 KB RAM).
 
JLink info:
------------
DLL: V4.68a, compiled Apr 12 2013 13:26:50
Firmware: J-Link ARM V8 compiled Jan 31 2018 18:34:52
Hardware: V8.00
S/N : 20080643 
Feature(s) : RDI,FlashDL,FlashBP,JFlash,GDBFull 
 
* JLink Info: Found SWD-DP with ID 0x1BA01477
* JLink Info: Found SWD-DP with ID 0x1BA01477
* JLink Info: TPIU fitted.
* JLink Info: ETM fitted.
* JLink Info: FPUnit: 6 code (BP) slots and 2 literal slots
* JLink Info: Found Cortex-M3 r1p1, Little endian.
ROMTableAddr = 0xE00FF003
 
Target info:
------------
Device: STM32F103RC
VTarget = 3.280V
State of Pins: 
TCK: 0, TDI: 1, TDO: 1, TMS: 0, TRES: 1, TRST: 1
Hardware-Breakpoints: 6
Software-Breakpoints: 8192
Watchpoints:          4
JTAG speed: 2000 kHz
 
Erase Done.
Programming Done.
Verify OK.
Application running ...
Build target '百施通'
compiling am2320.c...
..\..\APPLICATION\am2320\src\am2320.c(204): warning:  #69-D: integer conversion resulted in truncation
linking...
Program Size: Code=22320 RO-data=480 RW-data=184 ZI-data=12208  
FromELF: creating hex file...
After Build - User command #1: fromelf --bin ..\..\PROJ\Output\STM32-DEMO.axf --output ..\..\PROJ\OutputBin\STM32-DEMO.bin
"..\Output\STM32-DEMO.axf" - 0 Errors, 1 Warning(s).
Load "..\\Output\\STM32-DEMO.axf" 
Set JLink Project File to "E:\ESP8266开发板例程\温度显示 - 中断\PROJ\mdk4\JLinkSettings.ini"
* JLink Info: Device "STM32F103RC" selected (256 KB flash, 48 KB RAM).
 
JLink info:
------------
DLL: V4.68a, compiled Apr 12 2013 13:26:50
Firmware: J-Link ARM V8 compiled Jan 31 2018 18:34:52
Hardware: V8.00
S/N : 20080643 
Feature(s) : RDI,FlashDL,FlashBP,JFlash,GDBFull 
 
* JLink Info: Found SWD-DP with ID 0x1BA01477
* JLink Info: Found SWD-DP with ID 0x1BA01477
* JLink Info: TPIU fitted.
* JLink Info: ETM fitted.
* JLink Info: FPUnit: 6 code (BP) slots and 2 literal slots
* JLink Info: Found Cortex-M3 r1p1, Little endian.
ROMTableAddr = 0xE00FF003
 
Target info:
------------
Device: STM32F103RC
VTarget = 3.280V
State of Pins: 
TCK: 0, TDI: 1, TDO: 1, TMS: 0, TRES: 1, TRST: 1
Hardware-Breakpoints: 6
Software-Breakpoints: 8192
Watchpoints:          4
JTAG speed: 2000 kHz
 
Erase Done.
Programming Done.
Verify OK.
Application running ...
Build target '百施通'
compiling am2320.c...
..\..\APPLICATION\am2320\src\am2320.c(204): warning:  #69-D: integer conversion resulted in truncation
linking...
Program Size: Code=22320 RO-data=480 RW-data=184 ZI-data=12208  
FromELF: creating hex file...
After Build - User command #1: fromelf --bin ..\..\PROJ\Output\STM32-DEMO.axf --output ..\..\PROJ\OutputBin\STM32-DEMO.bin
"..\Output\STM32-DEMO.axf" - 0 Errors, 1 Warning(s).
Load "..\\Output\\STM32-DEMO.axf" 
Set JLink Project File to "E:\ESP8266开发板例程\温度显示 - 中断\PROJ\mdk4\JLinkSettings.ini"
* JLink Info: Device "STM32F103RC" selected (256 KB flash, 48 KB RAM).
 
JLink info:
------------
DLL: V4.68a, compiled Apr 12 2013 13:26:50
Firmware: J-Link ARM V8 compiled Jan 31 2018 18:34:52
Hardware: V8.00
S/N : 20080643 
Feature(s) : RDI,FlashDL,FlashBP,JFlash,GDBFull 
 
* JLink Info: Found SWD-DP with ID 0x1BA01477
* JLink Info: Found SWD-DP with ID 0x1BA01477
* JLink Info: TPIU fitted.
* JLink Info: ETM fitted.
* JLink Info: FPUnit: 6 code (BP) slots and 2 literal slots
* JLink Info: Found Cortex-M3 r1p1, Little endian.
ROMTableAddr = 0xE00FF003
 
Target info:
------------
Device: STM32F103RC
VTarget = 3.280V
State of Pins: 
TCK: 0, TDI: 1, TDO: 1, TMS: 0, TRES: 1, TRST: 1
Hardware-Breakpoints: 6
Software-Breakpoints: 8192
Watchpoints:          4
JTAG speed: 2000 kHz
 
Erase Done.
Programming Done.
Verify OK.
Application running ...
Build target '百施通'
compiling am2320_bsp.c...
linking...
Program Size: Code=22320 RO-data=480 RW-data=184 ZI-data=12208  
FromELF: creating hex file...
After Build - User command #1: fromelf --bin ..\..\PROJ\Output\STM32-DEMO.axf --output ..\..\PROJ\OutputBin\STM32-DEMO.bin
"..\Output\STM32-DEMO.axf" - 0 Errors, 0 Warning(s).
Load "..\\Output\\STM32-DEMO.axf" 
Set JLink Project File to "E:\ESP8266开发板例程\温度显示 - 中断\PROJ\mdk4\JLinkSettings.ini"
* JLink Info: Device "STM32F103RC" selected (256 KB flash, 48 KB RAM).
 
JLink info:
------------
DLL: V4.68a, compiled Apr 12 2013 13:26:50
Firmware: J-Link ARM V8 compiled Jan 31 2018 18:34:52
Hardware: V8.00
S/N : 20080643 
Feature(s) : RDI,FlashDL,FlashBP,JFlash,GDBFull 
 
* JLink Info: Found SWD-DP with ID 0x1BA01477
* JLink Info: Found SWD-DP with ID 0x1BA01477
* JLink Info: TPIU fitted.
* JLink Info: ETM fitted.
* JLink Info: FPUnit: 6 code (BP) slots and 2 literal slots
* JLink Info: Found Cortex-M3 r1p1, Little endian.
ROMTableAddr = 0xE00FF003
 
Target info:
------------
Device: STM32F103RC
VTarget = 3.280V
State of Pins: 
TCK: 0, TDI: 1, TDO: 1, TMS: 0, TRES: 1, TRST: 1
Hardware-Breakpoints: 6
Software-Breakpoints: 8192
Watchpoints:          4
JTAG speed: 2000 kHz
 
Erase Done.
Programming Done.
Verify OK.
Application running ...
Build target '百施通'
compiling am2320.c...
..\..\APPLICATION\am2320\src\am2320.c(204): warning:  #69-D: integer conversion resulted in truncation
linking...
Program Size: Code=22320 RO-data=480 RW-data=184 ZI-data=12208  
FromELF: creating hex file...
After Build - User command #1: fromelf --bin ..\..\PROJ\Output\STM32-DEMO.axf --output ..\..\PROJ\OutputBin\STM32-DEMO.bin
"..\Output\STM32-DEMO.axf" - 0 Errors, 1 Warning(s).
Load "..\\Output\\STM32-DEMO.axf" 
Set JLink Project File to "E:\ESP8266开发板例程\温度显示 - 中断\PROJ\mdk4\JLinkSettings.ini"
* JLink Info: Device "STM32F103RC" selected (256 KB flash, 48 KB RAM).
 
JLink info:
------------
DLL: V4.68a, compiled Apr 12 2013 13:26:50
Firmware: J-Link ARM V8 compiled Jan 31 2018 18:34:52
Hardware: V8.00
S/N : 20080643 
Feature(s) : RDI,FlashDL,FlashBP,JFlash,GDBFull 
 
* JLink Info: Found SWD-DP with ID 0x1BA01477
* JLink Info: Found SWD-DP with ID 0x1BA01477
* JLink Info: TPIU fitted.
* JLink Info: ETM fitted.
* JLink Info: FPUnit: 6 code (BP) slots and 2 literal slots
* JLink Info: Found Cortex-M3 r1p1, Little endian.
ROMTableAddr = 0xE00FF003
 
Target info:
------------
Device: STM32F103RC
VTarget = 3.274V
State of Pins: 
TCK: 0, TDI: 1, TDO: 1, TMS: 0, TRES: 1, TRST: 1
Hardware-Breakpoints: 6
Software-Breakpoints: 8192
Watchpoints:          4
JTAG speed: 2000 kHz
 
Erase Done.
Programming Done.
Verify OK.
Application running ...
Build target '百施通'
compiling am2320.c...
..\..\APPLICATION\am2320\src\am2320.c(204): warning:  #69-D: integer conversion resulted in truncation
linking...
Program Size: Code=22312 RO-data=480 RW-data=184 ZI-data=12208  
FromELF: creating hex file...
After Build - User command #1: fromelf --bin ..\..\PROJ\Output\STM32-DEMO.axf --output ..\..\PROJ\OutputBin\STM32-DEMO.bin
"..\Output\STM32-DEMO.axf" - 0 Errors, 1 Warning(s).
Load "..\\Output\\STM32-DEMO.axf" 
Set JLink Project File to "E:\ESP8266开发板例程\温度显示 - 中断\PROJ\mdk4\JLinkSettings.ini"
* JLink Info: Device "STM32F103RC" selected (256 KB flash, 48 KB RAM).
 
JLink info:
------------
DLL: V4.68a, compiled Apr 12 2013 13:26:50
Firmware: J-Link ARM V8 compiled Jan 31 2018 18:34:52
Hardware: V8.00
S/N : 20080643 
Feature(s) : RDI,FlashDL,FlashBP,JFlash,GDBFull 
 
* JLink Info: Found SWD-DP with ID 0x1BA01477
* JLink Info: Found SWD-DP with ID 0x1BA01477
* JLink Info: TPIU fitted.
* JLink Info: ETM fitted.
* JLink Info: FPUnit: 6 code (BP) slots and 2 literal slots
* JLink Info: Found Cortex-M3 r1p1, Little endian.
ROMTableAddr = 0xE00FF003
 
Target info:
------------
Device: STM32F103RC
VTarget = 3.280V
State of Pins: 
TCK: 0, TDI: 1, TDO: 1, TMS: 0, TRES: 1, TRST: 1
Hardware-Breakpoints: 6
Software-Breakpoints: 8192
Watchpoints:          4
JTAG speed: 2000 kHz
 
Erase Done.
Programming Done.
Verify OK.
Application running ...
Build target '百施通'
compiling am2320.c...
..\..\APPLICATION\am2320\src\am2320.c(204): warning:  #69-D: integer conversion resulted in truncation
linking...
Program Size: Code=22576 RO-data=480 RW-data=184 ZI-data=12208  
FromELF: creating hex file...
After Build - User command #1: fromelf --bin ..\..\PROJ\Output\STM32-DEMO.axf --output ..\..\PROJ\OutputBin\STM32-DEMO.bin
"..\Output\STM32-DEMO.axf" - 0 Errors, 1 Warning(s).
Build target '百施通'
compiling am2320.c...
..\..\APPLICATION\am2320\src\am2320.c(180): warning:  #69-D: integer conversion resulted in truncation
linking...
Program Size: Code=22584 RO-data=480 RW-data=184 ZI-data=12208  
FromELF: creating hex file...
After Build - User command #1: fromelf --bin ..\..\PROJ\Output\STM32-DEMO.axf --output ..\..\PROJ\OutputBin\STM32-DEMO.bin
"..\Output\STM32-DEMO.axf" - 0 Errors, 1 Warning(s).
Build target '百施通'
compiling am2320.c...
linking...
Program Size: Code=22584 RO-data=480 RW-data=184 ZI-data=12208  
FromELF: creating hex file...
After Build - User command #1: fromelf --bin ..\..\PROJ\Output\STM32-DEMO.axf --output ..\..\PROJ\OutputBin\STM32-DEMO.bin
"..\Output\STM32-DEMO.axf" - 0 Errors, 0 Warning(s).
Load "..\\Output\\STM32-DEMO.axf" 
Set JLink Project File to "E:\ESP8266开发板例程\温度显示 - 中断\PROJ\mdk4\JLinkSettings.ini"
* JLink Info: Device "STM32F103RC" selected (256 KB flash, 48 KB RAM).
 
JLink info:
------------
DLL: V4.68a, compiled Apr 12 2013 13:26:50
Firmware: J-Link ARM V8 compiled Jan 31 2018 18:34:52
Hardware: V8.00
S/N : 20080643 
Feature(s) : RDI,FlashDL,FlashBP,JFlash,GDBFull 
 
* JLink Info: Found SWD-DP with ID 0x1BA01477
* JLink Info: Found SWD-DP with ID 0x1BA01477
* JLink Info: TPIU fitted.
* JLink Info: ETM fitted.
* JLink Info: FPUnit: 6 code (BP) slots and 2 literal slots
* JLink Info: Found Cortex-M3 r1p1, Little endian.
ROMTableAddr = 0xE00FF003
 
Target info:
------------
Device: STM32F103RC
VTarget = 3.274V
State of Pins: 
TCK: 0, TDI: 1, TDO: 1, TMS: 0, TRES: 1, TRST: 1
Hardware-Breakpoints: 6
Software-Breakpoints: 8192
Watchpoints:          4
JTAG speed: 2000 kHz
 
Erase Done.
Programming Done.
***JLink Error: Can not read register 0 (R0) while CPU is running
***JLink Error: Can not read register 1 (R1) while CPU is running
***JLink Error: Can not read register 2 (R2) while CPU is running
***JLink Error: Can not read register 3 (R3) while CPU is running
***JLink Error: Can not read register 4 (R4) while CPU is running
***JLink Error: Can not read register 5 (R5) while CPU is running
***JLink Error: Can not read register 6 (R6) while CPU is running
***JLink Error: Can not read register 7 (R7) while CPU is running
***JLink Error: Can not read register 8 (R8) while CPU is running
***JLink Error: Can not read register 9 (R9) while CPU is running
***JLink Error: Can not read register 10 (R10) while CPU is running
***JLink Error: Can not read register 11 (R11) while CPU is running
***JLink Error: Can not read register 12 (R12) while CPU is running
***JLink Error: Can not read register 13 (R13) while CPU is running
***JLink Error: Can not read register 14 (R14) while CPU is running
***JLink Error: Can not read register 15 (R15) while CPU is running
***JLink Error: Can not read register 16 (XPSR) while CPU is running
***JLink Error: Can not read register 17 (MSP) while CPU is running
***JLink Error: Can not read register 18 (PSP) while CPU is running
***JLink Error: Can not read register 20 (CFBP) while CPU is running
Verify OK.
Application running ...
Build target '百施通'
compiling am2320.c...
linking...
Program Size: Code=22584 RO-data=480 RW-data=184 ZI-data=12208  
FromELF: creating hex file...
After Build - User command #1: fromelf --bin ..\..\PROJ\Output\STM32-DEMO.axf --output ..\..\PROJ\OutputBin\STM32-DEMO.bin
"..\Output\STM32-DEMO.axf" - 0 Errors, 0 Warning(s).
Load "..\\Output\\STM32-DEMO.axf" 
Set JLink Project File to "E:\ESP8266开发板例程\温度显示 - 中断\PROJ\mdk4\JLinkSettings.ini"
* JLink Info: Device "STM32F103RC" selected (256 KB flash, 48 KB RAM).
 
JLink info:
------------
DLL: V4.68a, compiled Apr 12 2013 13:26:50
Firmware: J-Link ARM V8 compiled Jan 31 2018 18:34:52
Hardware: V8.00
S/N : 20080643 
Feature(s) : RDI,FlashDL,FlashBP,JFlash,GDBFull 
 
* JLink Info: Found SWD-DP with ID 0x1BA01477
* JLink Info: Found SWD-DP with ID 0x1BA01477
* JLink Info: TPIU fitted.
* JLink Info: ETM fitted.
* JLink Info: FPUnit: 6 code (BP) slots and 2 literal slots
* JLink Info: Found Cortex-M3 r1p1, Little endian.
ROMTableAddr = 0xE00FF003
 
Target info:
------------
Device: STM32F103RC
VTarget = 3.274V
State of Pins: 
TCK: 0, TDI: 1, TDO: 1, TMS: 0, TRES: 1, TRST: 1
Hardware-Breakpoints: 6
Software-Breakpoints: 8192
Watchpoints:          4
JTAG speed: 2000 kHz
 
Erase Done.
Programming Done.
Verify OK.
Application running ...
Build target '百施通'
compiling am2320.c...
..\..\APPLICATION\am2320\src\am2320.c(206): warning:  #177-D: variable "check_sum" was declared but never referenced
linking...
Program Size: Code=22576 RO-data=480 RW-data=184 ZI-data=12208  
FromELF: creating hex file...
After Build - User command #1: fromelf --bin ..\..\PROJ\Output\STM32-DEMO.axf --output ..\..\PROJ\OutputBin\STM32-DEMO.bin
"..\Output\STM32-DEMO.axf" - 0 Errors, 1 Warning(s).
Load "..\\Output\\STM32-DEMO.axf" 
Set JLink Project File to "E:\ESP8266开发板例程\温度显示 - 中断\PROJ\mdk4\JLinkSettings.ini"
* JLink Info: Device "STM32F103RC" selected (256 KB flash, 48 KB RAM).
 
JLink info:
------------
DLL: V4.68a, compiled Apr 12 2013 13:26:50
Firmware: J-Link ARM V8 compiled Jan 31 2018 18:34:52
Hardware: V8.00
S/N : 20080643 
Feature(s) : RDI,FlashDL,FlashBP,JFlash,GDBFull 
 
* JLink Info: Found SWD-DP with ID 0x1BA01477
* JLink Info: Found SWD-DP with ID 0x1BA01477
* JLink Info: TPIU fitted.
* JLink Info: ETM fitted.
* JLink Info: FPUnit: 6 code (BP) slots and 2 literal slots
* JLink Info: Found Cortex-M3 r1p1, Little endian.
ROMTableAddr = 0xE00FF003
 
Target info:
------------
Device: STM32F103RC
VTarget = 3.274V
State of Pins: 
TCK: 0, TDI: 1, TDO: 1, TMS: 0, TRES: 1, TRST: 1
Hardware-Breakpoints: 6
Software-Breakpoints: 8192
Watchpoints:          4
JTAG speed: 2000 kHz
 
Erase Done.
Programming Done.
Verify OK.
Application running ...
Build target '百施通'
compiling am2320.c...
..\..\APPLICATION\am2320\src\am2320.c(206): warning:  #177-D: variable "check_sum" was declared but never referenced
linking...
Program Size: Code=22576 RO-data=480 RW-data=184 ZI-data=12208  
FromELF: creating hex file...
After Build - User command #1: fromelf --bin ..\..\PROJ\Output\STM32-DEMO.axf --output ..\..\PROJ\OutputBin\STM32-DEMO.bin
"..\Output\STM32-DEMO.axf" - 0 Errors, 1 Warning(s).
Load "..\\Output\\STM32-DEMO.axf" 
Set JLink Project File to "E:\ESP8266开发板例程\温度显示 - 中断\PROJ\mdk4\JLinkSettings.ini"
* JLink Info: Device "STM32F103RC" selected (256 KB flash, 48 KB RAM).
 
JLink info:
------------
DLL: V4.68a, compiled Apr 12 2013 13:26:50
Firmware: J-Link ARM V8 compiled Jan 31 2018 18:34:52
Hardware: V8.00
S/N : 20080643 
Feature(s) : RDI,FlashDL,FlashBP,JFlash,GDBFull 
 
* JLink Info: Found SWD-DP with ID 0x1BA01477
* JLink Info: Found SWD-DP with ID 0x1BA01477
* JLink Info: TPIU fitted.
* JLink Info: ETM fitted.
* JLink Info: FPUnit: 6 code (BP) slots and 2 literal slots
* JLink Info: Found Cortex-M3 r1p1, Little endian.
ROMTableAddr = 0xE00FF003
 
Target info:
------------
Device: STM32F103RC
VTarget = 3.274V
State of Pins: 
TCK: 0, TDI: 1, TDO: 1, TMS: 0, TRES: 1, TRST: 1
Hardware-Breakpoints: 6
Software-Breakpoints: 8192
Watchpoints:          4
JTAG speed: 2000 kHz
 
Erase Done.
Programming Done.
Verify OK.
Application running ...
Build target '百施通'
compiling am2320.c...
..\..\APPLICATION\am2320\src\am2320.c(206): warning:  #177-D: variable "check_sum" was declared but never referenced
linking...
Program Size: Code=22576 RO-data=480 RW-data=184 ZI-data=12208  
FromELF: creating hex file...
After Build - User command #1: fromelf --bin ..\..\PROJ\Output\STM32-DEMO.axf --output ..\..\PROJ\OutputBin\STM32-DEMO.bin
"..\Output\STM32-DEMO.axf" - 0 Errors, 1 Warning(s).
Load "..\\Output\\STM32-DEMO.axf" 
Set JLink Project File to "E:\ESP8266开发板例程\温度显示 - 中断\PROJ\mdk4\JLinkSettings.ini"
* JLink Info: Device "STM32F103RC" selected (256 KB flash, 48 KB RAM).
 
JLink info:
------------
DLL: V4.68a, compiled Apr 12 2013 13:26:50
Firmware: J-Link ARM V8 compiled Jan 31 2018 18:34:52
Hardware: V8.00
S/N : 20080643 
Feature(s) : RDI,FlashDL,FlashBP,JFlash,GDBFull 
 
* JLink Info: Found SWD-DP with ID 0x1BA01477
* JLink Info: Found SWD-DP with ID 0x1BA01477
* JLink Info: TPIU fitted.
* JLink Info: ETM fitted.
* JLink Info: FPUnit: 6 code (BP) slots and 2 literal slots
* JLink Info: Found Cortex-M3 r1p1, Little endian.
ROMTableAddr = 0xE00FF003
 
Target info:
------------
Device: STM32F103RC
VTarget = 3.274V
State of Pins: 
TCK: 0, TDI: 1, TDO: 1, TMS: 0, TRES: 1, TRST: 1
Hardware-Breakpoints: 6
Software-Breakpoints: 8192
Watchpoints:          4
JTAG speed: 2000 kHz
 
Erase Done.
Programming Done.
Verify OK.
Application running ...
Build target '百施通'
compiling am2320.c...
..\..\APPLICATION\am2320\src\am2320.c(206): warning:  #177-D: variable "check_sum" was declared but never referenced
..\..\APPLICATION\am2320\src\am2320.c(248): error:  #29: expected an expression
..\..\APPLICATION\am2320\src\am2320.c(248): error:  #7: unrecognized token
..\..\APPLICATION\am2320\src\am2320.c(260): warning:  #12-D: parsing restarts here after previous syntax error
"..\Output\STM32-DEMO.axf" - 2 Errors, 2 Warning(s).
Target not created
Build target '百施通'
compiling am2320.c...
..\..\APPLICATION\am2320\src\am2320.c(206): warning:  #177-D: variable "check_sum" was declared but never referenced
linking...
Program Size: Code=22568 RO-data=480 RW-data=184 ZI-data=12208  
FromELF: creating hex file...
After Build - User command #1: fromelf --bin ..\..\PROJ\Output\STM32-DEMO.axf --output ..\..\PROJ\OutputBin\STM32-DEMO.bin
"..\Output\STM32-DEMO.axf" - 0 Errors, 1 Warning(s).
Load "..\\Output\\STM32-DEMO.axf" 
Set JLink Project File to "E:\ESP8266开发板例程\温度显示 - 中断\PROJ\mdk4\JLinkSettings.ini"
* JLink Info: Device "STM32F103RC" selected (256 KB flash, 48 KB RAM).
 
JLink info:
------------
DLL: V4.68a, compiled Apr 12 2013 13:26:50
Firmware: J-Link ARM V8 compiled Jan 31 2018 18:34:52
Hardware: V8.00
S/N : 20080643 
Feature(s) : RDI,FlashDL,FlashBP,JFlash,GDBFull 
 
* JLink Info: Found SWD-DP with ID 0x1BA01477
* JLink Info: Found SWD-DP with ID 0x1BA01477
* JLink Info: TPIU fitted.
* JLink Info: ETM fitted.
* JLink Info: FPUnit: 6 code (BP) slots and 2 literal slots
* JLink Info: Found Cortex-M3 r1p1, Little endian.
ROMTableAddr = 0xE00FF003
 
Target info:
------------
Device: STM32F103RC
VTarget = 3.274V
State of Pins: 
TCK: 0, TDI: 1, TDO: 1, TMS: 0, TRES: 1, TRST: 1
Hardware-Breakpoints: 6
Software-Breakpoints: 8192
Watchpoints:          4
JTAG speed: 2000 kHz
 
Erase Done.
Programming Done.
Verify OK.
Application running ...
Build target '百施通'
compiling am2320.c...
..\..\APPLICATION\am2320\src\am2320.c(206): warning:  #177-D: variable "check_sum" was declared but never referenced
linking...
Program Size: Code=22576 RO-data=480 RW-data=184 ZI-data=12208  
FromELF: creating hex file...
After Build - User command #1: fromelf --bin ..\..\PROJ\Output\STM32-DEMO.axf --output ..\..\PROJ\OutputBin\STM32-DEMO.bin
"..\Output\STM32-DEMO.axf" - 0 Errors, 1 Warning(s).
Load "..\\Output\\STM32-DEMO.axf" 
Set JLink Project File to "E:\ESP8266开发板例程\温度显示 - 中断\PROJ\mdk4\JLinkSettings.ini"
* JLink Info: Device "STM32F103RC" selected (256 KB flash, 48 KB RAM).
 
JLink info:
------------
DLL: V4.68a, compiled Apr 12 2013 13:26:50
Firmware: J-Link ARM V8 compiled Jan 31 2018 18:34:52
Hardware: V8.00
S/N : 20080643 
Feature(s) : RDI,FlashDL,FlashBP,JFlash,GDBFull 
 
* JLink Info: Found SWD-DP with ID 0x1BA01477
* JLink Info: Found SWD-DP with ID 0x1BA01477
* JLink Info: TPIU fitted.
* JLink Info: ETM fitted.
* JLink Info: FPUnit: 6 code (BP) slots and 2 literal slots
* JLink Info: Found Cortex-M3 r1p1, Little endian.
ROMTableAddr = 0xE00FF003
 
Target info:
------------
Device: STM32F103RC
VTarget = 3.274V
State of Pins: 
TCK: 0, TDI: 1, TDO: 1, TMS: 0, TRES: 1, TRST: 1
Hardware-Breakpoints: 6
Software-Breakpoints: 8192
Watchpoints:          4
JTAG speed: 2000 kHz
 
Erase Done.
***JLink Error: Can not read register 0 (R0) while CPU is running
Programming Done.
Verify OK.
Application running ...
Build target '百施通'
compiling am2320.c...
..\..\APPLICATION\am2320\src\am2320.c(206): warning:  #177-D: variable "check_sum" was declared but never referenced
linking...
Program Size: Code=22584 RO-data=480 RW-data=184 ZI-data=12208  
FromELF: creating hex file...
After Build - User command #1: fromelf --bin ..\..\PROJ\Output\STM32-DEMO.axf --output ..\..\PROJ\OutputBin\STM32-DEMO.bin
"..\Output\STM32-DEMO.axf" - 0 Errors, 1 Warning(s).
Load "..\\Output\\STM32-DEMO.axf" 
Set JLink Project File to "E:\ESP8266开发板例程\温度显示 - 中断\PROJ\mdk4\JLinkSettings.ini"
* JLink Info: Device "STM32F103RC" selected (256 KB flash, 48 KB RAM).
 
JLink info:
------------
DLL: V4.68a, compiled Apr 12 2013 13:26:50
Firmware: J-Link ARM V8 compiled Jan 31 2018 18:34:52
Hardware: V8.00
S/N : 20080643 
Feature(s) : RDI,FlashDL,FlashBP,JFlash,GDBFull 
 
* JLink Info: Found SWD-DP with ID 0x1BA01477
* JLink Info: Found SWD-DP with ID 0x1BA01477
* JLink Info: TPIU fitted.
* JLink Info: ETM fitted.
* JLink Info: FPUnit: 6 code (BP) slots and 2 literal slots
* JLink Info: Found Cortex-M3 r1p1, Little endian.
ROMTableAddr = 0xE00FF003
 
Target info:
------------
Device: STM32F103RC
VTarget = 3.274V
State of Pins: 
TCK: 0, TDI: 1, TDO: 1, TMS: 0, TRES: 1, TRST: 1
Hardware-Breakpoints: 6
Software-Breakpoints: 8192
Watchpoints:          4
JTAG speed: 2000 kHz
 
Erase Done.
Programming Done.
Verify OK.
Application running ...
Build target '百施通'
compiling am2320.c...
..\..\APPLICATION\am2320\src\am2320.c(206): warning:  #177-D: variable "check_sum" was declared but never referenced
linking...
Program Size: Code=22576 RO-data=480 RW-data=184 ZI-data=12208  
FromELF: creating hex file...
After Build - User command #1: fromelf --bin ..\..\PROJ\Output\STM32-DEMO.axf --output ..\..\PROJ\OutputBin\STM32-DEMO.bin
"..\Output\STM32-DEMO.axf" - 0 Errors, 1 Warning(s).
Load "..\\Output\\STM32-DEMO.axf" 
Set JLink Project File to "E:\ESP8266开发板例程\温度显示 - 中断\PROJ\mdk4\JLinkSettings.ini"
* JLink Info: Device "STM32F103RC" selected (256 KB flash, 48 KB RAM).
 
JLink info:
------------
DLL: V4.68a, compiled Apr 12 2013 13:26:50
Firmware: J-Link ARM V8 compiled Jan 31 2018 18:34:52
Hardware: V8.00
S/N : 20080643 
Feature(s) : RDI,FlashDL,FlashBP,JFlash,GDBFull 
 
* JLink Info: Found SWD-DP with ID 0x1BA01477
* JLink Info: Found SWD-DP with ID 0x1BA01477
* JLink Info: TPIU fitted.
* JLink Info: ETM fitted.
* JLink Info: FPUnit: 6 code (BP) slots and 2 literal slots
* JLink Info: Found Cortex-M3 r1p1, Little endian.
ROMTableAddr = 0xE00FF003
 
Target info:
------------
Device: STM32F103RC
VTarget = 3.274V
State of Pins: 
TCK: 0, TDI: 1, TDO: 1, TMS: 0, TRES: 1, TRST: 1
Hardware-Breakpoints: 6
Software-Breakpoints: 8192
Watchpoints:          4
JTAG speed: 2000 kHz
 
Erase Done.
Programming Done.
Verify OK.
Application running ...
Build target '百施通'
compiling am2320.c...
..\..\APPLICATION\am2320\src\am2320.c(206): warning:  #177-D: variable "check_sum" was declared but never referenced
linking...
Program Size: Code=22584 RO-data=480 RW-data=184 ZI-data=12208  
FromELF: creating hex file...
After Build - User command #1: fromelf --bin ..\..\PROJ\Output\STM32-DEMO.axf --output ..\..\PROJ\OutputBin\STM32-DEMO.bin
"..\Output\STM32-DEMO.axf" - 0 Errors, 1 Warning(s).
Load "..\\Output\\STM32-DEMO.axf" 
Set JLink Project File to "E:\ESP8266开发板例程\温度显示 - 中断\PROJ\mdk4\JLinkSettings.ini"
* JLink Info: Device "STM32F103RC" selected (256 KB flash, 48 KB RAM).
 
JLink info:
------------
DLL: V4.68a, compiled Apr 12 2013 13:26:50
Firmware: J-Link ARM V8 compiled Jan 31 2018 18:34:52
Hardware: V8.00
S/N : 20080643 
Feature(s) : RDI,FlashDL,FlashBP,JFlash,GDBFull 
 
* JLink Info: Found SWD-DP with ID 0x1BA01477
* JLink Info: Found SWD-DP with ID 0x1BA01477
* JLink Info: TPIU fitted.
* JLink Info: ETM fitted.
* JLink Info: FPUnit: 6 code (BP) slots and 2 literal slots
* JLink Info: Found Cortex-M3 r1p1, Little endian.
ROMTableAddr = 0xE00FF003
 
Target info:
------------
Device: STM32F103RC
VTarget = 3.274V
State of Pins: 
TCK: 0, TDI: 1, TDO: 1, TMS: 0, TRES: 1, TRST: 1
Hardware-Breakpoints: 6
Software-Breakpoints: 8192
Watchpoints:          4
JTAG speed: 2000 kHz
 
Erase Done.
Programming Done.
Verify OK.
Application running ...
Build target '百施通'
compiling am2320.c...
..\..\APPLICATION\am2320\src\am2320.c(204): warning:  #177-D: variable "check_sum" was declared but never referenced
linking...
Program Size: Code=22584 RO-data=480 RW-data=184 ZI-data=12208  
FromELF: creating hex file...
After Build - User command #1: fromelf --bin ..\..\PROJ\Output\STM32-DEMO.axf --output ..\..\PROJ\OutputBin\STM32-DEMO.bin
"..\Output\STM32-DEMO.axf" - 0 Errors, 1 Warning(s).
Load "..\\Output\\STM32-DEMO.axf" 
Set JLink Project File to "E:\ESP8266开发板例程\温度显示 - 中断\PROJ\mdk4\JLinkSettings.ini"
* JLink Info: Device "STM32F103RC" selected (256 KB flash, 48 KB RAM).
 
JLink info:
------------
DLL: V4.68a, compiled Apr 12 2013 13:26:50
Firmware: J-Link ARM V8 compiled Jan 31 2018 18:34:52
Hardware: V8.00
S/N : 20080643 
Feature(s) : RDI,FlashDL,FlashBP,JFlash,GDBFull 
 
* JLink Info: Found SWD-DP with ID 0x1BA01477
* JLink Info: Found SWD-DP with ID 0x1BA01477
* JLink Info: TPIU fitted.
* JLink Info: ETM fitted.
* JLink Info: FPUnit: 6 code (BP) slots and 2 literal slots
* JLink Info: Found Cortex-M3 r1p1, Little endian.
ROMTableAddr = 0xE00FF003
 
Target info:
------------
Device: STM32F103RC
VTarget = 3.274V
State of Pins: 
TCK: 0, TDI: 1, TDO: 1, TMS: 0, TRES: 1, TRST: 1
Hardware-Breakpoints: 6
Software-Breakpoints: 8192
Watchpoints:          4
JTAG speed: 2000 kHz
 
Erase Done.
Programming Done.
Verify OK.
Application running ...
Build target '百施通'
compiling am2320.c...
..\..\APPLICATION\am2320\src\am2320.c(206): warning:  #177-D: variable "check_sum" was declared but never referenced
linking...
Program Size: Code=22592 RO-data=480 RW-data=184 ZI-data=12208  
FromELF: creating hex file...
After Build - User command #1: fromelf --bin ..\..\PROJ\Output\STM32-DEMO.axf --output ..\..\PROJ\OutputBin\STM32-DEMO.bin
[...]
Feature(s) : RDI,FlashDL,FlashBP,JFlash,GDBFull 
 
* JLink Info: Found SWD-DP with ID 0x1BA01477
* JLink Info: Found SWD-DP with ID 0x1BA01477
* JLink Info: TPIU fitted.
* JLink Info: ETM fitted.
* JLink Info: FPUnit: 6 code (BP) slots and 2 literal slots
* JLink Info: Found Cortex-M3 r1p1, Little endian.
ROMTableAddr = 0xE00FF003
 
Target info:
------------
Device: STM32F103RC
VTarget = 3.274V
State of Pins: 
TCK: 0, TDI: 1, TDO: 1, TMS: 0, TRES: 1, TRST: 1
Hardware-Breakpoints: 6
Software-Breakpoints: 8192
Watchpoints:          4
JTAG speed: 2000 kHz
 
Erase Done.
Programming Done.
Verify OK.
Application running ...
Build target '百施通'
compiling led.c...
..\..\APPLICATION\led\src\led.c(227): warning:  #111-D: statement is unreachable
linking...
Program Size: Code=22952 RO-data=480 RW-data=188 ZI-data=12204  
FromELF: creating hex file...
After Build - User command #1: fromelf --bin ..\..\PROJ\Output\STM32-DEMO.axf --output ..\..\PROJ\OutputBin\STM32-DEMO.bin
"..\Output\STM32-DEMO.axf" - 0 Errors, 1 Warning(s).
Load "..\\Output\\STM32-DEMO.axf" 
Set JLink Project File to "E:\ESP8266开发板例程\温度显示 - 中断\PROJ\mdk4\JLinkSettings.ini"
* JLink Info: Device "STM32F103RC" selected (256 KB flash, 48 KB RAM).
 
JLink info:
------------
DLL: V4.68a, compiled Apr 12 2013 13:26:50
Firmware: J-Link ARM V8 compiled Jan 31 2018 18:34:52
Hardware: V8.00
S/N : 20080643 
Feature(s) : RDI,FlashDL,FlashBP,JFlash,GDBFull 
 
* JLink Info: Found SWD-DP with ID 0x1BA01477
* JLink Info: Found SWD-DP with ID 0x1BA01477
* JLink Info: TPIU fitted.
* JLink Info: ETM fitted.
* JLink Info: FPUnit: 6 code (BP) slots and 2 literal slots
* JLink Info: Found Cortex-M3 r1p1, Little endian.
ROMTableAddr = 0xE00FF003
 
Target info:
------------
Device: STM32F103RC
VTarget = 3.274V
State of Pins: 
TCK: 0, TDI: 1, TDO: 1, TMS: 0, TRES: 1, TRST: 1
Hardware-Breakpoints: 6
Software-Breakpoints: 8192
Watchpoints:          4
JTAG speed: 2000 kHz
 
Erase Done.
Programming Done.
Verify OK.
Application running ...
Build target '百施通'
compiling led.c...
..\..\APPLICATION\led\src\led.c(195): warning:  #1182-D: a declaration cannot have a label
..\..\APPLICATION\led\src\led.c(197): warning:  #175-D: subscript out of range
..\..\APPLICATION\led\src\led.c(198): warning:  #175-D: subscript out of range
..\..\APPLICATION\led\src\led.c(199): warning:  #175-D: subscript out of range
..\..\APPLICATION\led\src\led.c(200): warning:  #175-D: subscript out of range
..\..\APPLICATION\led\src\led.c(201): warning:  #175-D: subscript out of range
..\..\APPLICATION\led\src\led.c(202): warning:  #175-D: subscript out of range
..\..\APPLICATION\led\src\led.c(203): warning:  #175-D: subscript out of range
..\..\APPLICATION\led\src\led.c(204): warning:  #175-D: subscript out of range
..\..\APPLICATION\led\src\led.c(205): warning:  #175-D: subscript out of range
..\..\APPLICATION\led\src\led.c(206): warning:  #175-D: subscript out of range
..\..\APPLICATION\led\src\led.c(207): warning:  #175-D: subscript out of range
..\..\APPLICATION\led\src\led.c(208): warning:  #175-D: subscript out of range
..\..\APPLICATION\led\src\led.c(227): warning: C4488E: write to variable 'data' with offset out of bounds
..\..\APPLICATION\led\src\led.c(227): warning: C4488E: write to variable 'data' with offset out of bounds
..\..\APPLICATION\led\src\led.c(227): warning: C4488E: write to variable 'data' with offset out of bounds
..\..\APPLICATION\led\src\led.c(227): warning: C4488E: write to variable 'data' with offset out of bounds
..\..\APPLICATION\led\src\led.c(227): warning: C4488E: write to variable 'data' with offset out of bounds
..\..\APPLICATION\led\src\led.c(227): warning: C4488E: write to variable 'data' with offset out of bounds
..\..\APPLICATION\led\src\led.c(227): warning: C4488E: write to variable 'data' with offset out of bounds
..\..\APPLICATION\led\src\led.c(227): warning: C4488E: write to variable 'data' with offset out of bounds
..\..\APPLICATION\led\src\led.c(227): warning: C4488E: write to variable 'data' with offset out of bounds
..\..\APPLICATION\led\src\led.c(227): warning: C4488E: write to variable 'data' with offset out of bounds
..\..\APPLICATION\led\src\led.c(227): warning: C4488E: write to variable 'data' with offset out of bounds
..\..\APPLICATION\led\src\led.c(227): warning: C4488E: write to variable 'data' with offset out of bounds
linking...
Program Size: Code=23104 RO-data=480 RW-data=188 ZI-data=12204  
FromELF: creating hex file...
After Build - User command #1: fromelf --bin ..\..\PROJ\Output\STM32-DEMO.axf --output ..\..\PROJ\OutputBin\STM32-DEMO.bin
"..\Output\STM32-DEMO.axf" - 0 Errors, 25 Warning(s).
Load "..\\Output\\STM32-DEMO.axf" 
Set JLink Project File to "E:\ESP8266开发板例程\温度显示 - 中断\PROJ\mdk4\JLinkSettings.ini"
* JLink Info: Device "STM32F103RC" selected (256 KB flash, 48 KB RAM).
 
JLink info:
------------
DLL: V4.68a, compiled Apr 12 2013 13:26:50
Firmware: J-Link ARM V8 compiled Jan 31 2018 18:34:52
Hardware: V8.00
S/N : 20080643 
Feature(s) : RDI,FlashDL,FlashBP,JFlash,GDBFull 
 
* JLink Info: Found SWD-DP with ID 0x1BA01477
* JLink Info: Found SWD-DP with ID 0x1BA01477
* JLink Info: TPIU fitted.
* JLink Info: ETM fitted.
* JLink Info: FPUnit: 6 code (BP) slots and 2 literal slots
* JLink Info: Found Cortex-M3 r1p1, Little endian.
ROMTableAddr = 0xE00FF003
 
Target info:
------------
Device: STM32F103RC
VTarget = 3.274V
State of Pins: 
TCK: 0, TDI: 1, TDO: 1, TMS: 0, TRES: 1, TRST: 1
Hardware-Breakpoints: 6
Software-Breakpoints: 8192
Watchpoints:          4
JTAG speed: 2000 kHz
 
Erase Done.
Programming Done.
Verify OK.
Application running ...
Build target '百施通'
compiling led.c...
..\..\APPLICATION\led\src\led.c(195): warning:  #1182-D: a declaration cannot have a label
linking...
Program Size: Code=23152 RO-data=480 RW-data=188 ZI-data=12204  
FromELF: creating hex file...
After Build - User command #1: fromelf --bin ..\..\PROJ\Output\STM32-DEMO.axf --output ..\..\PROJ\OutputBin\STM32-DEMO.bin
"..\Output\STM32-DEMO.axf" - 0 Errors, 1 Warning(s).
Load "..\\Output\\STM32-DEMO.axf" 
Set JLink Project File to "E:\ESP8266开发板例程\温度显示 - 中断\PROJ\mdk4\JLinkSettings.ini"
* JLink Info: Device "STM32F103RC" selected (256 KB flash, 48 KB RAM).
 
JLink info:
------------
DLL: V4.68a, compiled Apr 12 2013 13:26:50
Firmware: J-Link ARM V8 compiled Jan 31 2018 18:34:52
Hardware: V8.00
S/N : 20080643 
Feature(s) : RDI,FlashDL,FlashBP,JFlash,GDBFull 
 
* JLink Info: Found SWD-DP with ID 0x1BA01477
* JLink Info: Found SWD-DP with ID 0x1BA01477
* JLink Info: TPIU fitted.
* JLink Info: ETM fitted.
* JLink Info: FPUnit: 6 code (BP) slots and 2 literal slots
* JLink Info: Found Cortex-M3 r1p1, Little endian.
ROMTableAddr = 0xE00FF003
 
Target info:
------------
Device: STM32F103RC
VTarget = 3.280V
State of Pins: 
TCK: 0, TDI: 1, TDO: 1, TMS: 0, TRES: 1, TRST: 1
Hardware-Breakpoints: 6
Software-Breakpoints: 8192
Watchpoints:          4
JTAG speed: 2000 kHz
 
Erase Done.
Programming Done.
Verify OK.
Application running ...
Build target '百施通'
compiling led.c...
..\..\APPLICATION\led\src\led.c(195): warning:  #1182-D: a declaration cannot have a label
linking...
Program Size: Code=23152 RO-data=480 RW-data=188 ZI-data=12204  
FromELF: creating hex file...
After Build - User command #1: fromelf --bin ..\..\PROJ\Output\STM32-DEMO.axf --output ..\..\PROJ\OutputBin\STM32-DEMO.bin
"..\Output\STM32-DEMO.axf" - 0 Errors, 1 Warning(s).
Load "..\\Output\\STM32-DEMO.axf" 
Set JLink Project File to "E:\ESP8266开发板例程\温度显示 - 中断\PROJ\mdk4\JLinkSettings.ini"
* JLink Info: Device "STM32F103RC" selected (256 KB flash, 48 KB RAM).
 
JLink info:
------------
DLL: V4.68a, compiled Apr 12 2013 13:26:50
Firmware: J-Link ARM V8 compiled Jan 31 2018 18:34:52
Hardware: V8.00
S/N : 20080643 
Feature(s) : RDI,FlashDL,FlashBP,JFlash,GDBFull 
 
* JLink Info: Found SWD-DP with ID 0x1BA01477
* JLink Info: Found SWD-DP with ID 0x1BA01477
* JLink Info: TPIU fitted.
* JLink Info: ETM fitted.
* JLink Info: FPUnit: 6 code (BP) slots and 2 literal slots
* JLink Info: Found Cortex-M3 r1p1, Little endian.
ROMTableAddr = 0xE00FF003
 
Target info:
------------
Device: STM32F103RC
VTarget = 3.280V
State of Pins: 
TCK: 0, TDI: 1, TDO: 1, TMS: 0, TRES: 1, TRST: 1
Hardware-Breakpoints: 6
Software-Breakpoints: 8192
Watchpoints:          4
JTAG speed: 2000 kHz
 
Erase Done.
Programming Done.
Verify OK.
Application running ...
Build target '百施通'
compiling led.c...
..\..\APPLICATION\led\src\led.c(195): warning:  #1182-D: a declaration cannot have a label
linking...
Program Size: Code=23152 RO-data=480 RW-data=188 ZI-data=12204  
FromELF: creating hex file...
After Build - User command #1: fromelf --bin ..\..\PROJ\Output\STM32-DEMO.axf --output ..\..\PROJ\OutputBin\STM32-DEMO.bin
"..\Output\STM32-DEMO.axf" - 0 Errors, 1 Warning(s).
Load "..\\Output\\STM32-DEMO.axf" 
Set JLink Project File to "E:\ESP8266开发板例程\温度显示 - 中断\PROJ\mdk4\JLinkSettings.ini"
* JLink Info: Device "STM32F103RC" selected (256 KB flash, 48 KB RAM).
 
JLink info:
------------
DLL: V4.68a, compiled Apr 12 2013 13:26:50
Firmware: J-Link ARM V8 compiled Jan 31 2018 18:34:52
Hardware: V8.00
S/N : 20080643 
Feature(s) : RDI,FlashDL,FlashBP,JFlash,GDBFull 
 
* JLink Info: Found SWD-DP with ID 0x1BA01477
* JLink Info: Found SWD-DP with ID 0x1BA01477
* JLink Info: TPIU fitted.
* JLink Info: ETM fitted.
* JLink Info: FPUnit: 6 code (BP) slots and 2 literal slots
* JLink Info: Found Cortex-M3 r1p1, Little endian.
ROMTableAddr = 0xE00FF003
 
Target info:
------------
Device: STM32F103RC
VTarget = 3.280V
State of Pins: 
TCK: 0, TDI: 1, TDO: 1, TMS: 0, TRES: 1, TRST: 1
Hardware-Breakpoints: 6
Software-Breakpoints: 8192
Watchpoints:          4
JTAG speed: 2000 kHz
 
Erase Done.
Programming Done.
Verify OK.
Application running ...
Build target '百施通'
compiling led.c...
..\..\APPLICATION\led\src\led.c(195): warning:  #1182-D: a declaration cannot have a label
linking...
Program Size: Code=23152 RO-data=480 RW-data=188 ZI-data=12204  
FromELF: creating hex file...
After Build - User command #1: fromelf --bin ..\..\PROJ\Output\STM32-DEMO.axf --output ..\..\PROJ\OutputBin\STM32-DEMO.bin
"..\Output\STM32-DEMO.axf" - 0 Errors, 1 Warning(s).
Load "..\\Output\\STM32-DEMO.axf" 
Set JLink Project File to "E:\ESP8266开发板例程\温度显示 - 中断\PROJ\mdk4\JLinkSettings.ini"
* JLink Info: Device "STM32F103RC" selected (256 KB flash, 48 KB RAM).
 
JLink info:
------------
DLL: V4.68a, compiled Apr 12 2013 13:26:50
Firmware: J-Link ARM V8 compiled Jan 31 2018 18:34:52
Hardware: V8.00
S/N : 20080643 
Feature(s) : RDI,FlashDL,FlashBP,JFlash,GDBFull 
 
* JLink Info: Found SWD-DP with ID 0x1BA01477
* JLink Info: Found SWD-DP with ID 0x1BA01477
* JLink Info: TPIU fitted.
* JLink Info: ETM fitted.
* JLink Info: FPUnit: 6 code (BP) slots and 2 literal slots
* JLink Info: Found Cortex-M3 r1p1, Little endian.
ROMTableAddr = 0xE00FF003
 
Target info:
------------
Device: STM32F103RC
VTarget = 3.274V
State of Pins: 
TCK: 0, TDI: 1, TDO: 1, TMS: 0, TRES: 1, TRST: 1
Hardware-Breakpoints: 6
Software-Breakpoints: 8192
Watchpoints:          4
JTAG speed: 2000 kHz
 
Erase Done.
Programming Done.
Verify OK.
Application running ...
Build target '百施通'
compiling led.c...
..\..\APPLICATION\led\src\led.c(195): warning:  #1182-D: a declaration cannot have a label
linking...
Program Size: Code=23152 RO-data=480 RW-data=188 ZI-data=12204  
FromELF: creating hex file...
After Build - User command #1: fromelf --bin ..\..\PROJ\Output\STM32-DEMO.axf --output ..\..\PROJ\OutputBin\STM32-DEMO.bin
"..\Output\STM32-DEMO.axf" - 0 Errors, 1 Warning(s).
Load "..\\Output\\STM32-DEMO.axf" 
Set JLink Project File to "E:\ESP8266开发板例程\温度显示 - 中断\PROJ\mdk4\JLinkSettings.ini"
* JLink Info: Device "STM32F103RC" selected (256 KB flash, 48 KB RAM).
 
JLink info:
------------
DLL: V4.68a, compiled Apr 12 2013 13:26:50
Firmware: J-Link ARM V8 compiled Jan 31 2018 18:34:52
Hardware: V8.00
S/N : 20080643 
Feature(s) : RDI,FlashDL,FlashBP,JFlash,GDBFull 
 
* JLink Info: Found SWD-DP with ID 0x1BA01477
* JLink Info: Found SWD-DP with ID 0x1BA01477
* JLink Info: TPIU fitted.
* JLink Info: ETM fitted.
* JLink Info: FPUnit: 6 code (BP) slots and 2 literal slots
* JLink Info: Found Cortex-M3 r1p1, Little endian.
ROMTableAddr = 0xE00FF003
 
Target info:
------------
Device: STM32F103RC
VTarget = 3.280V
State of Pins: 
TCK: 0, TDI: 1, TDO: 1, TMS: 0, TRES: 1, TRST: 1
Hardware-Breakpoints: 6
Software-Breakpoints: 8192
Watchpoints:          4
JTAG speed: 2000 kHz
 
Erase Done.
Programming Done.
Verify OK.
Application running ...
Build target '百施通'
compiling app.c...
compiling led.c...
..\..\APPLICATION\led\src\led.c(194): warning:  #1182-D: a declaration cannot have a label
linking...
Program Size: Code=23144 RO-data=480 RW-data=188 ZI-data=12204  
FromELF: creating hex file...
After Build - User command #1: fromelf --bin ..\..\PROJ\Output\STM32-DEMO.axf --output ..\..\PROJ\OutputBin\STM32-DEMO.bin
"..\Output\STM32-DEMO.axf" - 0 Errors, 1 Warning(s).
Load "..\\Output\\STM32-DEMO.axf" 
Set JLink Project File to "E:\ESP8266开发板例程\温度显示 - 中断\PROJ\mdk4\JLinkSettings.ini"
* JLink Info: Device "STM32F103RC" selected (256 KB flash, 48 KB RAM).
 
JLink info:
------------
DLL: V4.68a, compiled Apr 12 2013 13:26:50
Firmware: J-Link ARM V8 compiled Jan 31 2018 18:34:52
Hardware: V8.00
S/N : 20080643 
Feature(s) : RDI,FlashDL,FlashBP,JFlash,GDBFull 
 
* JLink Info: Found SWD-DP with ID 0x1BA01477
* JLink Info: Found SWD-DP with ID 0x1BA01477
* JLink Info: TPIU fitted.
* JLink Info: ETM fitted.
* JLink Info: FPUnit: 6 code (BP) slots and 2 literal slots
* JLink Info: Found Cortex-M3 r1p1, Little endian.
ROMTableAddr = 0xE00FF003
 
Target info:
------------
Device: STM32F103RC
VTarget = 3.280V
State of Pins: 
TCK: 0, TDI: 1, TDO: 1, TMS: 0, TRES: 1, TRST: 1
Hardware-Breakpoints: 6
Software-Breakpoints: 8192
Watchpoints:          4
JTAG speed: 2000 kHz
 
Erase Done.
Programming Done.
Verify OK.
Application running ...
Build target '百施通'
compiling am2320.c...
..\..\APPLICATION\am2320\src\am2320.c(108): error:  #20: identifier "err_count" is undefined
"..\Output\STM32-DEMO.axf" - 1 Errors, 0 Warning(s).
Target not created
Load "..\\Output\\STM32-DEMO.axf" 
Set JLink Project File to "E:\ESP8266开发板例程\温度显示 - 中断\PROJ\mdk4\JLinkSettings.ini"
* JLink Info: Device "STM32F103RC" selected (256 KB flash, 48 KB RAM).
 
JLink info:
------------
DLL: V4.68a, compiled Apr 12 2013 13:26:50
Firmware: J-Link ARM V8 compiled Jan 31 2018 18:34:52
Hardware: V8.00
S/N : 20080643 
Feature(s) : RDI,FlashDL,FlashBP,JFlash,GDBFull 
 
* JLink Info: Found SWD-DP with ID 0x1BA01477
* JLink Info: Found SWD-DP with ID 0x1BA01477
* JLink Info: TPIU fitted.
* JLink Info: ETM fitted.
* JLink Info: FPUnit: 6 code (BP) slots and 2 literal slots
* JLink Info: Found Cortex-M3 r1p1, Little endian.
ROMTableAddr = 0xE00FF003
 
Target info:
------------
Device: STM32F103RC
VTarget = 3.274V
State of Pins: 
TCK: 0, TDI: 1, TDO: 1, TMS: 0, TRES: 1, TRST: 1
Hardware-Breakpoints: 6
Software-Breakpoints: 8192
Watchpoints:          4
JTAG speed: 2000 kHz
 
Erase Done.
Programming Done.
Verify OK.
Application running ...
Build target '百施通'
compiling am2320.c...
..\..\APPLICATION\am2320\src\am2320.c(108): error:  #20: identifier "err_count" is undefined
"..\Output\STM32-DEMO.axf" - 1 Errors, 0 Warning(s).
Target not created
Build target '百施通'
compiling am2320.c...
linking...
Program Size: Code=23152 RO-data=480 RW-data=192 ZI-data=12208  
FromELF: creating hex file...
After Build - User command #1: fromelf --bin ..\..\PROJ\Output\STM32-DEMO.axf --output ..\..\PROJ\OutputBin\STM32-DEMO.bin
"..\Output\STM32-DEMO.axf" - 0 Errors, 0 Warning(s).
Build target '百施通'
compiling am2320.c...
linking...
Program Size: Code=23152 RO-data=480 RW-data=192 ZI-data=12208  
FromELF: creating hex file...
After Build - User command #1: fromelf --bin ..\..\PROJ\Output\STM32-DEMO.axf --output ..\..\PROJ\OutputBin\STM32-DEMO.bin
"..\Output\STM32-DEMO.axf" - 0 Errors, 0 Warning(s).
Build target '百施通'
compiling am2320.c...
linking...
Program Size: Code=23152 RO-data=480 RW-data=192 ZI-data=12208  
FromELF: creating hex file...
After Build - User command #1: fromelf --bin ..\..\PROJ\Output\STM32-DEMO.axf --output ..\..\PROJ\OutputBin\STM32-DEMO.bin
"..\Output\STM32-DEMO.axf" - 0 Errors, 0 Warning(s).
Load "..\\Output\\STM32-DEMO.axf" 
Set JLink Project File to "E:\ESP8266开发板例程\温度显示 - 中断\PROJ\mdk4\JLinkSettings.ini"
* JLink Info: Device "STM32F103RC" selected (256 KB flash, 48 KB RAM).
 
JLink info:
------------
DLL: V4.68a, compiled Apr 12 2013 13:26:50
Firmware: J-Link ARM V8 compiled Jan 31 2018 18:34:52
Hardware: V8.00
S/N : 20080643 
Feature(s) : RDI,FlashDL,FlashBP,JFlash,GDBFull 
 
* JLink Info: Found SWD-DP with ID 0x1BA01477
* JLink Info: Found SWD-DP with ID 0x1BA01477
* JLink Info: TPIU fitted.
* JLink Info: ETM fitted.
* JLink Info: FPUnit: 6 code (BP) slots and 2 literal slots
* JLink Info: Found Cortex-M3 r1p1, Little endian.
ROMTableAddr = 0xE00FF003
 
Target info:
------------
Device: STM32F103RC
VTarget = 3.274V
State of Pins: 
TCK: 0, TDI: 1, TDO: 1, TMS: 0, TRES: 1, TRST: 1
Hardware-Breakpoints: 6
Software-Breakpoints: 8192
Watchpoints:          4
JTAG speed: 2000 kHz
 
Erase Done.
Programming Done.
Verify OK.
Application running ...
Build target '百施通'
compiling am2320.c...
linking...
Program Size: Code=23152 RO-data=480 RW-data=192 ZI-data=12208  
FromELF: creating hex file...
After Build - User command #1: fromelf --bin ..\..\PROJ\Output\STM32-DEMO.axf --output ..\..\PROJ\OutputBin\STM32-DEMO.bin
"..\Output\STM32-DEMO.axf" - 0 Errors, 0 Warning(s).
Load "..\\Output\\STM32-DEMO.axf" 
Set JLink Project File to "E:\ESP8266开发板例程\温度显示 - 中断\PROJ\mdk4\JLinkSettings.ini"
* JLink Info: Device "STM32F103RC" selected (256 KB flash, 48 KB RAM).
 
JLink info:
------------
DLL: V4.68a, compiled Apr 12 2013 13:26:50
Firmware: J-Link ARM V8 compiled Jan 31 2018 18:34:52
Hardware: V8.00
S/N : 20080643 
Feature(s) : RDI,FlashDL,FlashBP,JFlash,GDBFull 
 
* JLink Info: Found SWD-DP with ID 0x1BA01477
* JLink Info: Found SWD-DP with ID 0x1BA01477
* JLink Info: TPIU fitted.
* JLink Info: ETM fitted.
* JLink Info: FPUnit: 6 code (BP) slots and 2 literal slots
* JLink Info: Found Cortex-M3 r1p1, Little endian.
ROMTableAddr = 0xE00FF003
 
Target info:
------------
Device: STM32F103RC
VTarget = 3.274V
State of Pins: 
TCK: 0, TDI: 1, TDO: 1, TMS: 0, TRES: 1, TRST: 1
Hardware-Breakpoints: 6
Software-Breakpoints: 8192
Watchpoints:          4
JTAG speed: 2000 kHz
 
Erase Done.
Programming Done.
Verify OK.
Application running ...
Build target '百施通'
compiling am2320.c...
linking...
Program Size: Code=23152 RO-data=480 RW-data=192 ZI-data=12208  
FromELF: creating hex file...
After Build - User command #1: fromelf --bin ..\..\PROJ\Output\STM32-DEMO.axf --output ..\..\PROJ\OutputBin\STM32-DEMO.bin
"..\Output\STM32-DEMO.axf" - 0 Errors, 0 Warning(s).
Build target '百施通'
compiling am2320.c...
..\..\APPLICATION\am2320\src\am2320.c(229): error:  #136: struct "<unnamed>" has no field "hump"
compiling led.c...
..\..\APPLICATION\led\src\led.c(194): warning:  #1182-D: a declaration cannot have a label
"..\Output\STM32-DEMO.axf" - 1 Errors, 1 Warning(s).
Target not created
Build target '百施通'
compiling am2320.c...
..\..\APPLICATION\am2320\src\am2320.c(229): error:  #136: struct "<unnamed>" has no field "hump"
"..\Output\STM32-DEMO.axf" - 1 Errors, 0 Warning(s).
Target not created
Build target '百施通'
compiling am2320.c...
linking...
Program Size: Code=23152 RO-data=480 RW-data=192 ZI-data=12208  
FromELF: creating hex file...
After Build - User command #1: fromelf --bin ..\..\PROJ\Output\STM32-DEMO.axf --output ..\..\PROJ\OutputBin\STM32-DEMO.bin
"..\Output\STM32-DEMO.axf" - 0 Errors, 0 Warning(s).
Build target '百施通'
linking...
Program Size: Code=23152 RO-data=480 RW-data=192 ZI-data=12208  
FromELF: creating hex file...
After Build - User command #1: fromelf --bin ..\..\PROJ\Output\STM32-DEMO.axf --output ..\..\PROJ\OutputBin\STM32-DEMO.bin
"..\Output\STM32-DEMO.axf" - 0 Errors, 0 Warning(s).
